#
# There is insufficient memory for the Java Runtime Environment to continue.
# Native memory allocation (malloc) failed to allocate 32744 bytes. Error detail: Chunk::new
# Possible reasons:
#   The system is out of physical RAM or swap space
#   This process is running with CompressedOops enabled, and the Java Heap may be blocking the growth of the native heap
# Possible solutions:
#   Reduce memory load on the system
#   Increase physical memory or swap space
#   Check if swap backing store is full
#   Decrease Java heap size (-Xmx/-Xms)
#   Decrease number of Java threads
#   Decrease Java thread stack sizes (-Xss)
#   Set larger code cache with -XX:ReservedCodeCacheSize=
#   JVM is running with Unscaled Compressed Oops mode in which the Java heap is
#     placed in the first 4GB address space. The Java Heap base address is the
#     maximum limit for the native heap growth. Please use -XX:HeapBaseMinAddress
#     to set the Java Heap base and to place the Java Heap above 4GB virtual address.
# This output file may be truncated or incomplete.
#
#  Out of Memory Error (arena.cpp:168), pid=17676, tid=6284
#
# JRE version: OpenJDK Runtime Environment (21.0.9) (build 21.0.9+-14787801-b1163.94)
# Java VM: OpenJDK 64-Bit Server VM (21.0.9+-14787801-b1163.94, mixed mode, tiered, compressed oops, compressed class ptrs, g1 gc, windows-amd64)
# No core dump will be written. Minidumps are not enabled by default on client versions of Windows
#

---------------  S U M M A R Y ------------

Command Line: --add-opens=java.base/java.util=ALL-UNNAMED --add-opens=java.base/java.lang=ALL-UNNAMED --add-opens=java.base/java.lang.invoke=ALL-UNNAMED --add-opens=java.prefs/java.util.prefs=ALL-UNNAMED --add-opens=java.base/java.nio.charset=ALL-UNNAMED --add-opens=java.base/java.net=ALL-UNNAMED --add-opens=java.base/java.util.concurrent.atomic=ALL-UNNAMED -Xmx2048m -Dfile.encoding=UTF-8 -Duser.country=US -Duser.language=en -Duser.variant -javaagent:C:\Users\asus\.gradle\wrapper\dists\gradle-8.6-bin\afr5mpiioh2wthjmwnkmdsd5w\gradle-8.6\lib\agents\gradle-instrumentation-agent-8.6.jar org.gradle.launcher.daemon.bootstrap.GradleDaemon 8.6

Host: 12th Gen Intel(R) Core(TM) i5-12500H, 16 cores, 7G,  Windows 11 , 64 bit Build 26100 (10.0.26100.8521)
Time: Thu Jul 23 14:26:19 2026 Iran Standard Time elapsed time: 6.616291 seconds (0d 0h 0m 6s)

---------------  T H R E A D  ---------------

Current thread (0x000001f2f03a19d0):  JavaThread "C2 CompilerThread2" daemon [_thread_in_native, id=6284, stack(0x000000a5bd000000,0x000000a5bd100000) (1024K)]


Current CompileTask:
C2:6616 6277       4       java.net.URLClassLoader$1::run (5 bytes)

Stack: [0x000000a5bd000000,0x000000a5bd100000]
Native frames: (J=compiled Java code, j=interpreted, Vv=VM code, C=native code)
V  [jvm.dll+0x6d6c99]
V  [jvm.dll+0x866b83]
V  [jvm.dll+0x8691ae]
V  [jvm.dll+0x869893]
V  [jvm.dll+0x280776]
V  [jvm.dll+0xc07cd]
V  [jvm.dll+0xc0d03]
V  [jvm.dll+0x7029a5]
V  [jvm.dll+0x1dfd7e]
V  [jvm.dll+0x2495b4]
V  [jvm.dll+0x248a31]
V  [jvm.dll+0x1c7344]
V  [jvm.dll+0x2581ae]
V  [jvm.dll+0x2566f6]
V  [jvm.dll+0x3f48a6]
V  [jvm.dll+0x80f118]
V  [jvm.dll+0x6d54ed]
C  [ucrtbase.dll+0x2cd30]
C  [KERNEL32.DLL+0x2e957]
C  [ntdll.dll+0x87c1c]


---------------  P R O C E S S  ---------------

Threads class SMR info:
_java_thread_list=0x000001f2f37053b0, length=59, elements={
0x000001f2d13f8970, 0x000001f2ebb36f30, 0x000001f2ebb89f10, 0x000001f2ebb8a970,
0x000001f2ebb933e0, 0x000001f2ebb5df60, 0x000001f2ebb5e9c0, 0x000001f2ebb5f420,
0x000001f2ebb605c0, 0x000001f2ebb61060, 0x000001f2ebd7c550, 0x000001f2ebe4c920,
0x000001f2f03a42b0, 0x000001f2f03a5050, 0x000001f2f1759060, 0x000001f2f20b0410,
0x000001f2f0e824c0, 0x000001f2f20d3800, 0x000001f2f20d3e70, 0x000001f2f1408080,
0x000001f2f15c28a0, 0x000001f2f2c61820, 0x000001f2f2c5f750, 0x000001f2f2c60470,
0x000001f2f2c60b00, 0x000001f2f2c5fde0, 0x000001f2f2c61eb0, 0x000001f2f2c5f0c0,
0x000001f2f2c62540, 0x000001f2f5032e10, 0x000001f2f5033b30, 0x000001f2f50334a0,
0x000001f2f50341c0, 0x000001f2f5035570, 0x000001f2f5034850, 0x000001f2f50320f0,
0x000001f2f5037640, 0x000001f2f50389f0, 0x000001f2f5037cd0, 0x000001f2f5039710,
0x000001f2f5038360, 0x000001f2f5036290, 0x000001f2f5036920, 0x000001f2f5036fb0,
0x000001f2f3457370, 0x000001f2f3457a00, 0x000001f2f345ae80, 0x000001f2f03a4980,
0x000001f2f03a19d0, 0x000001f2f345a160, 0x000001f2f3459440, 0x000001f2f3458720,
0x000001f2f345a7f0, 0x000001f2f3459ad0, 0x000001f2f345b510, 0x000001f2f3458db0,
0x000001f2f345d5e0, 0x000001f2f345c230, 0x000001f2f345c8c0
}

Java Threads: ( => current thread )
  0x000001f2d13f8970 JavaThread "main"                              [_thread_blocked, id=12396, stack(0x000000a5b8b00000,0x000000a5b8c00000) (1024K)]
  0x000001f2ebb36f30 JavaThread "Common-Cleaner"             daemon [_thread_blocked, id=12140, stack(0x000000a5b9300000,0x000000a5b9400000) (1024K)]
  0x000001f2ebb89f10 JavaThread "Reference Handler"          daemon [_thread_blocked, id=7864, stack(0x000000a5b9400000,0x000000a5b9500000) (1024K)]
  0x000001f2ebb8a970 JavaThread "Finalizer"                  daemon [_thread_blocked, id=3200, stack(0x000000a5b9500000,0x000000a5b9600000) (1024K)]
  0x000001f2ebb933e0 JavaThread "Signal Dispatcher"          daemon [_thread_blocked, id=17892, stack(0x000000a5b9600000,0x000000a5b9700000) (1024K)]
  0x000001f2ebb5df60 JavaThread "Attach Listener"            daemon [_thread_blocked, id=16964, stack(0x000000a5b9700000,0x000000a5b9800000) (1024K)]
  0x000001f2ebb5e9c0 JavaThread "Service Thread"             daemon [_thread_blocked, id=16148, stack(0x000000a5b9800000,0x000000a5b9900000) (1024K)]
  0x000001f2ebb5f420 JavaThread "Monitor Deflation Thread"   daemon [_thread_blocked, id=12024, stack(0x000000a5b9900000,0x000000a5b9a00000) (1024K)]
  0x000001f2ebb605c0 JavaThread "C2 CompilerThread0"         daemon [_thread_in_native, id=8884, stack(0x000000a5b9a00000,0x000000a5b9b00000) (1024K)]
  0x000001f2ebb61060 JavaThread "C1 CompilerThread0"         daemon [_thread_in_vm, id=5568, stack(0x000000a5b9b00000,0x000000a5b9c00000) (1024K)]
  0x000001f2ebd7c550 JavaThread "C1 CompilerThread1"         daemon [_thread_in_native, id=17012, stack(0x000000a5b9c00000,0x000000a5b9d00000) (1024K)]
  0x000001f2ebe4c920 JavaThread "Notification Thread"        daemon [_thread_blocked, id=7380, stack(0x000000a5b9d00000,0x000000a5b9e00000) (1024K)]
  0x000001f2f03a42b0 JavaThread "C1 CompilerThread2"         daemon [_thread_in_native, id=3592, stack(0x000000a5ba000000,0x000000a5ba100000) (1024K)]
  0x000001f2f03a5050 JavaThread "C1 CompilerThread3"         daemon [_thread_in_native, id=9040, stack(0x000000a5ba100000,0x000000a5ba200000) (1024K)]
  0x000001f2f1759060 JavaThread "Daemon health stats"               [_thread_blocked, id=11380, stack(0x000000a5ba600000,0x000000a5ba700000) (1024K)]
  0x000001f2f20b0410 JavaThread "Incoming local TCP Connector on port 19134"        [_thread_in_native, id=18324, stack(0x000000a5ba700000,0x000000a5ba800000) (1024K)]
  0x000001f2f0e824c0 JavaThread "Daemon periodic checks"            [_thread_blocked, id=11968, stack(0x000000a5ba800000,0x000000a5ba900000) (1024K)]
  0x000001f2f20d3800 JavaThread "Daemon"                            [_thread_blocked, id=10260, stack(0x000000a5ba900000,0x000000a5baa00000) (1024K)]
  0x000001f2f20d3e70 JavaThread "Handler for socket connection from /127.0.0.1:19134 to /127.0.0.1:19135"        [_thread_in_native, id=11172, stack(0x000000a5baa00000,0x000000a5bab00000) (1024K)]
  0x000001f2f1408080 JavaThread "Cancel handler"                    [_thread_blocked, id=15252, stack(0x000000a5bab00000,0x000000a5bac00000) (1024K)]
  0x000001f2f15c28a0 JavaThread "Daemon worker"                     [_thread_in_vm, id=5816, stack(0x000000a5bac00000,0x000000a5bad00000) (1024K)]
  0x000001f2f2c61820 JavaThread "Asynchronous log dispatcher for DefaultDaemonConnection: socket connection from /127.0.0.1:19134 to /127.0.0.1:19135"        [_thread_in_vm, id=7564, stack(0x000000a5bad00000,0x000000a5bae00000) (1024K)]
  0x000001f2f2c5f750 JavaThread "Stdin handler"                     [_thread_blocked, id=15916, stack(0x000000a5bae00000,0x000000a5baf00000) (1024K)]
  0x000001f2f2c60470 JavaThread "Daemon client event forwarder"        [_thread_blocked, id=18200, stack(0x000000a5baf00000,0x000000a5bb000000) (1024K)]
  0x000001f2f2c60b00 JavaThread "Cache worker for journal cache (C:\Users\asus\.gradle\caches\journal-1)"        [_thread_blocked, id=16968, stack(0x000000a5bba00000,0x000000a5bbb00000) (1024K)]
  0x000001f2f2c5fde0 JavaThread "File lock request listener"        [_thread_in_native, id=6080, stack(0x000000a5bbb00000,0x000000a5bbc00000) (1024K)]
  0x000001f2f2c61eb0 JavaThread "Cache worker for file hash cache (C:\Users\asus\.gradle\caches\8.6\fileHashes)"        [_thread_blocked, id=9400, stack(0x000000a5bbc00000,0x000000a5bbd00000) (1024K)]
  0x000001f2f2c5f0c0 JavaThread "File watcher server"        daemon [_thread_in_native, id=508, stack(0x000000a5bbd00000,0x000000a5bbe00000) (1024K)]
  0x000001f2f2c62540 JavaThread "File watcher consumer"      daemon [_thread_in_vm, id=2108, stack(0x000000a5bbe00000,0x000000a5bbf00000) (1024K)]
  0x000001f2f5032e10 JavaThread "Cache worker for checksums cache (E:\Amir_Gonde\Term_8\Mobile\MyProjects\melodify-music-app\.gradle\8.6\checksums)"        [_thread_blocked, id=1980, stack(0x000000a5bbf00000,0x000000a5bc000000) (1024K)]
  0x000001f2f5033b30 JavaThread "Cache worker for file hash cache (E:\Amir_Gonde\Term_8\Mobile\MyProjects\melodify-music-app\.gradle\8.6\fileHashes)"        [_thread_blocked, id=12256, stack(0x000000a5bc000000,0x000000a5bc100000) (1024K)]
  0x000001f2f50334a0 JavaThread "Cache worker for cache directory md-supplier (C:\Users\asus\.gradle\caches\8.6\md-supplier)"        [_thread_blocked, id=6668, stack(0x000000a5bc100000,0x000000a5bc200000) (1024K)]
  0x000001f2f50341c0 JavaThread "Cache worker for cache directory md-rule (C:\Users\asus\.gradle\caches\8.6\md-rule)"        [_thread_blocked, id=13608, stack(0x000000a5bc200000,0x000000a5bc300000) (1024K)]
  0x000001f2f5035570 JavaThread "Cache worker for file content cache (C:\Users\asus\.gradle\caches\8.6\fileContent)"        [_thread_blocked, id=14244, stack(0x000000a5bc300000,0x000000a5bc400000) (1024K)]
  0x000001f2f5034850 JavaThread "jar transforms"                    [_thread_blocked, id=10756, stack(0x000000a5bc400000,0x000000a5bc500000) (1024K)]
  0x000001f2f50320f0 JavaThread "jar transforms Thread 2"           [_thread_blocked, id=12348, stack(0x000000a5bc500000,0x000000a5bc600000) (1024K)]
  0x000001f2f5037640 JavaThread "jar transforms Thread 3"           [_thread_blocked, id=17632, stack(0x000000a5bc700000,0x000000a5bc800000) (1024K)]
  0x000001f2f50389f0 JavaThread "Unconstrained build operations"        [_thread_blocked, id=8656, stack(0x000000a5b9e00000,0x000000a5b9f00000) (1024K)]
  0x000001f2f5037cd0 JavaThread "Unconstrained build operations Thread 2"        [_thread_blocked, id=5888, stack(0x000000a5b9f00000,0x000000a5ba000000) (1024K)]
  0x000001f2f5039710 JavaThread "Unconstrained build operations Thread 3"        [_thread_blocked, id=10468, stack(0x000000a5bc600000,0x000000a5bc700000) (1024K)]
  0x000001f2f5038360 JavaThread "Unconstrained build operations Thread 4"        [_thread_blocked, id=5300, stack(0x000000a5bc800000,0x000000a5bc900000) (1024K)]
  0x000001f2f5036290 JavaThread "Unconstrained build operations Thread 5"        [_thread_blocked, id=10308, stack(0x000000a5bc900000,0x000000a5bca00000) (1024K)]
  0x000001f2f5036920 JavaThread "Unconstrained build operations Thread 6"        [_thread_blocked, id=17392, stack(0x000000a5bca00000,0x000000a5bcb00000) (1024K)]
  0x000001f2f5036fb0 JavaThread "Unconstrained build operations Thread 7"        [_thread_blocked, id=5716, stack(0x000000a5bcb00000,0x000000a5bcc00000) (1024K)]
  0x000001f2f3457370 JavaThread "Unconstrained build operations Thread 8"        [_thread_blocked, id=15296, stack(0x000000a5bcc00000,0x000000a5bcd00000) (1024K)]
  0x000001f2f3457a00 JavaThread "Unconstrained build operations Thread 9"        [_thread_blocked, id=12940, stack(0x000000a5bcd00000,0x000000a5bce00000) (1024K)]
  0x000001f2f345ae80 JavaThread "Unconstrained build operations Thread 10"        [_thread_blocked, id=5472, stack(0x000000a5bce00000,0x000000a5bcf00000) (1024K)]
  0x000001f2f03a4980 JavaThread "C2 CompilerThread1"         daemon [_thread_in_native, id=17100, stack(0x000000a5bcf00000,0x000000a5bd000000) (1024K)]
=>0x000001f2f03a19d0 JavaThread "C2 CompilerThread2"         daemon [_thread_in_native, id=6284, stack(0x000000a5bd000000,0x000000a5bd100000) (1024K)]
  0x000001f2f345a160 JavaThread "jar transforms Thread 4"           [_thread_blocked, id=3732, stack(0x000000a5bd100000,0x000000a5bd200000) (1024K)]
  0x000001f2f3459440 JavaThread "jar transforms Thread 5"           [_thread_blocked, id=1432, stack(0x000000a5bd200000,0x000000a5bd300000) (1024K)]
  0x000001f2f3458720 JavaThread "jar transforms Thread 6"           [_thread_blocked, id=12792, stack(0x000000a5bd300000,0x000000a5bd400000) (1024K)]
  0x000001f2f345a7f0 JavaThread "jar transforms Thread 7"           [_thread_blocked, id=8168, stack(0x000000a5bd400000,0x000000a5bd500000) (1024K)]
  0x000001f2f3459ad0 JavaThread "jar transforms Thread 8"           [_thread_blocked, id=5460, stack(0x000000a5bd500000,0x000000a5bd600000) (1024K)]
  0x000001f2f345b510 JavaThread "jar transforms Thread 9"           [_thread_blocked, id=17468, stack(0x000000a5bd600000,0x000000a5bd700000) (1024K)]
  0x000001f2f3458db0 JavaThread "Unconstrained build operations Thread 11"        [_thread_blocked, id=3932, stack(0x000000a5bd700000,0x000000a5bd800000) (1024K)]
  0x000001f2f345d5e0 JavaThread "jar transforms Thread 10"          [_thread_blocked, id=14616, stack(0x000000a5bd800000,0x000000a5bd900000) (1024K)]
  0x000001f2f345c230 JavaThread "jar transforms Thread 11"          [_thread_blocked, id=3972, stack(0x000000a5bd900000,0x000000a5bda00000) (1024K)]
  0x000001f2f345c8c0 JavaThread "Cache worker for Build Output Cleanup Cache (E:\Amir_Gonde\Term_8\Mobile\MyProjects\melodify-music-app\.gradle\buildOutputCleanup)"        [_thread_blocked, id=11824, stack(0x000000a5bda00000,0x000000a5bdb00000) (1024K)]
Total: 59

Other Threads:
  0x000001f2d13cfbb0 VMThread "VM Thread"                           [id=9804, stack(0x000000a5b9200000,0x000000a5b9300000) (1024K)]
  0x000001f2eb90d2d0 WatcherThread "VM Periodic Task Thread"        [id=8996, stack(0x000000a5b9100000,0x000000a5b9200000) (1024K)]
  0x000001f2d13ce990 WorkerThread "GC Thread#0"                     [id=17160, stack(0x000000a5b8c00000,0x000000a5b8d00000) (1024K)]
  0x000001f2d13cff50 WorkerThread "GC Thread#1"                     [id=17400, stack(0x000000a5ba200000,0x000000a5ba300000) (1024K)]
  0x000001f2d13cf0d0 WorkerThread "GC Thread#2"                     [id=4480, stack(0x000000a5ba300000,0x000000a5ba400000) (1024K)]
  0x000001f2f086dd60 WorkerThread "GC Thread#3"                     [id=9528, stack(0x000000a5ba400000,0x000000a5ba500000) (1024K)]
  0x000001f2f086b920 WorkerThread "GC Thread#4"                     [id=6936, stack(0x000000a5ba500000,0x000000a5ba600000) (1024K)]
  0x000001f2f086d9c0 WorkerThread "GC Thread#5"                     [id=8484, stack(0x000000a5bb000000,0x000000a5bb100000) (1024K)]
  0x000001f2f086d620 WorkerThread "GC Thread#6"                     [id=10640, stack(0x000000a5bb100000,0x000000a5bb200000) (1024K)]
  0x000001f2f086e100 WorkerThread "GC Thread#7"                     [id=12076, stack(0x000000a5bb200000,0x000000a5bb300000) (1024K)]
  0x000001f2f086ebe0 WorkerThread "GC Thread#8"                     [id=12036, stack(0x000000a5bb300000,0x000000a5bb400000) (1024K)]
  0x000001f2f086c7a0 WorkerThread "GC Thread#9"                     [id=8464, stack(0x000000a5bb400000,0x000000a5bb500000) (1024K)]
  0x000001f2f086d280 WorkerThread "GC Thread#10"                    [id=15680, stack(0x000000a5bb500000,0x000000a5bb600000) (1024K)]
  0x000001f2f086cb40 WorkerThread "GC Thread#11"                    [id=6432, stack(0x000000a5bb600000,0x000000a5bb700000) (1024K)]
  0x000001f2f086b580 WorkerThread "GC Thread#12"                    [id=13372, stack(0x000000a5bb700000,0x000000a5bb800000) (1024K)]
  0x000001f2d3837d20 ConcurrentGCThread "G1 Main Marker"            [id=8080, stack(0x000000a5b8d00000,0x000000a5b8e00000) (1024K)]
  0x000001f2d13cf810 WorkerThread "G1 Conc#0"                       [id=8292, stack(0x000000a5b8e00000,0x000000a5b8f00000) (1024K)]
  0x000001f2f086bcc0 WorkerThread "G1 Conc#1"                       [id=8120, stack(0x000000a5bb800000,0x000000a5bb900000) (1024K)]
  0x000001f2f086c060 WorkerThread "G1 Conc#2"                       [id=14716, stack(0x000000a5bb900000,0x000000a5bba00000) (1024K)]
  0x000001f2eb7e09d0 ConcurrentGCThread "G1 Refine#0"               [id=7088, stack(0x000000a5b8f00000,0x000000a5b9000000) (1024K)]
  0x000001f2eb7e11f0 ConcurrentGCThread "G1 Service"                [id=16140, stack(0x000000a5b9000000,0x000000a5b9100000) (1024K)]
Total: 21

Threads with active compile tasks:
C2 CompilerThread0  6641 6415       4       org.gradle.internal.logging.text.AbstractLineChoppingStyledTextOutput::doAppend (43 bytes)
C1 CompilerThread0  6641 6422       3       java.io.OutputStreamWriter::flushBuffer (8 bytes)
C1 CompilerThread1  6641 6431       3       jdk.internal.misc.Unsafe::putShortUnaligned (37 bytes)
C1 CompilerThread2  6641 6430       3       jdk.internal.misc.Unsafe::putShortUnaligned (14 bytes)
C1 CompilerThread3  6641 6432       3       jdk.internal.reflect.ClassFileAssembler::emitConstantPoolNameAndType (28 bytes)
C2 CompilerThread1  6641 6278   !   4       java.net.URLClassLoader$1::run (81 bytes)
C2 CompilerThread2  6641 6277       4       java.net.URLClassLoader$1::run (5 bytes)
Total: 7

VM state: not at safepoint (normal execution)

VM Mutex/Monitor currently owned by a thread: None

Heap address: 0x0000000080000000, size: 2048 MB, Compressed Oops mode: 32-bit

CDS archive(s) not mapped
Compressed class space mapped at: 0x0000000100000000-0x0000000140000000, reserved size: 1073741824
Narrow klass base: 0x0000000000000000, Narrow klass shift: 3, Narrow klass range: 0x140000000

GC Precious Log:
 CardTable entry size: 512
 Card Set container configuration: InlinePtr #cards 5 size 8 Array Of Cards #cards 12 size 40 Howl #buckets 4 coarsen threshold 1843 Howl Bitmap #cards 512 size 80 coarsen threshold 460 Card regions per heap region 1 cards per card region 2048
 CPUs: 16 total, 16 available
 Memory: 7882M
 Large Page Support: Disabled
 NUMA Support: Disabled
 Compressed Oops: Enabled (32-bit)
 Heap Region Size: 1M
 Heap Min Capacity: 8M
 Heap Initial Capacity: 124M
 Heap Max Capacity: 2G
 Pre-touch: Disabled
 Parallel Workers: 13
 Concurrent Workers: 3
 Concurrent Refinement Workers: 13
 Periodic GC: Disabled

Heap:
 garbage-first heap   total 118784K, used 75774K [0x0000000080000000, 0x0000000100000000)
  region size 1024K, 29 young (29696K), 1 survivors (1024K)
 Metaspace       used 62271K, committed 63808K, reserved 1114112K
  class space    used 8822K, committed 9600K, reserved 1048576K

Heap Regions: E=young(eden), S=young(survivor), O=old, HS=humongous(starts), HC=humongous(continues), CS=collection set, F=free, TAMS=top-at-mark-start, PB=parsable bottom
|   0|0x0000000080000000, 0x0000000080100000, 0x0000000080100000|100%| O|  |TAMS 0x0000000080000000| PB 0x0000000080000000| Untracked 
|   1|0x0000000080100000, 0x0000000080200000, 0x0000000080200000|100%| O|  |TAMS 0x0000000080100000| PB 0x0000000080100000| Untracked 
|   2|0x0000000080200000, 0x0000000080300000, 0x0000000080300000|100%|HS|  |TAMS 0x0000000080200000| PB 0x0000000080200000| Complete 
|   3|0x0000000080300000, 0x0000000080400000, 0x0000000080400000|100%|HC|  |TAMS 0x0000000080300000| PB 0x0000000080300000| Complete 
|   4|0x0000000080400000, 0x0000000080500000, 0x0000000080500000|100%|HC|  |TAMS 0x0000000080400000| PB 0x0000000080400000| Complete 
|   5|0x0000000080500000, 0x0000000080600000, 0x0000000080600000|100%|HC|  |TAMS 0x0000000080500000| PB 0x0000000080500000| Complete 
|   6|0x0000000080600000, 0x0000000080700000, 0x0000000080700000|100%| O|  |TAMS 0x0000000080600000| PB 0x0000000080600000| Untracked 
|   7|0x0000000080700000, 0x0000000080800000, 0x0000000080800000|100%| O|  |TAMS 0x0000000080700000| PB 0x0000000080700000| Untracked 
|   8|0x0000000080800000, 0x0000000080900000, 0x0000000080900000|100%| O|  |TAMS 0x0000000080800000| PB 0x0000000080800000| Untracked 
|   9|0x0000000080900000, 0x0000000080a00000, 0x0000000080a00000|100%| O|  |TAMS 0x0000000080900000| PB 0x0000000080900000| Untracked 
|  10|0x0000000080a00000, 0x0000000080b00000, 0x0000000080b00000|100%| O|  |TAMS 0x0000000080a00000| PB 0x0000000080a00000| Untracked 
|  11|0x0000000080b00000, 0x0000000080c00000, 0x0000000080c00000|100%| O|  |TAMS 0x0000000080b00000| PB 0x0000000080b00000| Untracked 
|  12|0x0000000080c00000, 0x0000000080d00000, 0x0000000080d00000|100%| O|  |TAMS 0x0000000080c00000| PB 0x0000000080c00000| Untracked 
|  13|0x0000000080d00000, 0x0000000080e00000, 0x0000000080e00000|100%| O|  |TAMS 0x0000000080d00000| PB 0x0000000080d00000| Untracked 
|  14|0x0000000080e00000, 0x0000000080f00000, 0x0000000080f00000|100%| O|  |TAMS 0x0000000080e00000| PB 0x0000000080e00000| Untracked 
|  15|0x0000000080f00000, 0x0000000081000000, 0x0000000081000000|100%| O|  |TAMS 0x0000000080f00000| PB 0x0000000080f00000| Untracked 
|  16|0x0000000081000000, 0x0000000081100000, 0x0000000081100000|100%| O|  |TAMS 0x0000000081000000| PB 0x0000000081000000| Untracked 
|  17|0x0000000081100000, 0x0000000081200000, 0x0000000081200000|100%| O|  |TAMS 0x0000000081100000| PB 0x0000000081100000| Untracked 
|  18|0x0000000081200000, 0x0000000081300000, 0x0000000081300000|100%| O|  |TAMS 0x0000000081200000| PB 0x0000000081200000| Untracked 
|  19|0x0000000081300000, 0x0000000081400000, 0x0000000081400000|100%| O|  |TAMS 0x0000000081300000| PB 0x0000000081300000| Untracked 
|  20|0x0000000081400000, 0x0000000081500000, 0x0000000081500000|100%|HS|  |TAMS 0x0000000081400000| PB 0x0000000081400000| Complete 
|  21|0x0000000081500000, 0x0000000081600000, 0x0000000081600000|100%|HC|  |TAMS 0x0000000081500000| PB 0x0000000081500000| Complete 
|  22|0x0000000081600000, 0x0000000081700000, 0x0000000081700000|100%| O|  |TAMS 0x0000000081600000| PB 0x0000000081600000| Untracked 
|  23|0x0000000081700000, 0x0000000081800000, 0x0000000081800000|100%| O|  |TAMS 0x0000000081700000| PB 0x0000000081700000| Untracked 
|  24|0x0000000081800000, 0x0000000081900000, 0x0000000081900000|100%| O|  |TAMS 0x0000000081800000| PB 0x0000000081800000| Untracked 
|  25|0x0000000081900000, 0x0000000081a00000, 0x0000000081a00000|100%| O|  |TAMS 0x0000000081900000| PB 0x0000000081900000| Untracked 
|  26|0x0000000081a00000, 0x0000000081b00000, 0x0000000081b00000|100%|HS|  |TAMS 0x0000000081a00000| PB 0x0000000081a00000| Complete 
|  27|0x0000000081b00000, 0x0000000081c00000, 0x0000000081c00000|100%|HS|  |TAMS 0x0000000081b00000| PB 0x0000000081b00000| Complete 
|  28|0x0000000081c00000, 0x0000000081c00000, 0x0000000081d00000|  0%| F|  |TAMS 0x0000000081c00000| PB 0x0000000081c00000| Untracked 
|  29|0x0000000081d00000, 0x0000000081d00000, 0x0000000081e00000|  0%| F|  |TAMS 0x0000000081d00000| PB 0x0000000081d00000| Untracked 
|  30|0x0000000081e00000, 0x0000000081f00000, 0x0000000081f00000|100%| O|  |TAMS 0x0000000081e00000| PB 0x0000000081e00000| Untracked 
|  31|0x0000000081f00000, 0x0000000082000000, 0x0000000082000000|100%| O|  |TAMS 0x0000000081f00000| PB 0x0000000081f00000| Untracked 
|  32|0x0000000082000000, 0x0000000082100000, 0x0000000082100000|100%| O|  |TAMS 0x0000000082000000| PB 0x0000000082000000| Untracked 
|  33|0x0000000082100000, 0x0000000082200000, 0x0000000082200000|100%| O|  |TAMS 0x0000000082100000| PB 0x0000000082100000| Untracked 
|  34|0x0000000082200000, 0x0000000082300000, 0x0000000082300000|100%| O|  |TAMS 0x0000000082200000| PB 0x0000000082200000| Untracked 
|  35|0x0000000082300000, 0x0000000082400000, 0x0000000082400000|100%| O|  |TAMS 0x0000000082300000| PB 0x0000000082300000| Untracked 
|  36|0x0000000082400000, 0x0000000082500000, 0x0000000082500000|100%| O|  |TAMS 0x0000000082400000| PB 0x0000000082400000| Untracked 
|  37|0x0000000082500000, 0x0000000082600000, 0x0000000082600000|100%| O|  |TAMS 0x0000000082500000| PB 0x0000000082500000| Untracked 
|  38|0x0000000082600000, 0x0000000082700000, 0x0000000082700000|100%| O|  |TAMS 0x0000000082600000| PB 0x0000000082600000| Untracked 
|  39|0x0000000082700000, 0x0000000082800000, 0x0000000082800000|100%| O|  |TAMS 0x0000000082700000| PB 0x0000000082700000| Untracked 
|  40|0x0000000082800000, 0x0000000082900000, 0x0000000082900000|100%| O|  |TAMS 0x0000000082800000| PB 0x0000000082800000| Untracked 
|  41|0x0000000082900000, 0x0000000082900000, 0x0000000082a00000|  0%| F|  |TAMS 0x0000000082900000| PB 0x0000000082900000| Untracked 
|  42|0x0000000082a00000, 0x0000000082a00000, 0x0000000082b00000|  0%| F|  |TAMS 0x0000000082a00000| PB 0x0000000082a00000| Untracked 
|  43|0x0000000082b00000, 0x0000000082b00000, 0x0000000082c00000|  0%| F|  |TAMS 0x0000000082b00000| PB 0x0000000082b00000| Untracked 
|  44|0x0000000082c00000, 0x0000000082c00000, 0x0000000082d00000|  0%| F|  |TAMS 0x0000000082c00000| PB 0x0000000082c00000| Untracked 
|  45|0x0000000082d00000, 0x0000000082d00000, 0x0000000082e00000|  0%| F|  |TAMS 0x0000000082d00000| PB 0x0000000082d00000| Untracked 
|  46|0x0000000082e00000, 0x0000000082e00000, 0x0000000082f00000|  0%| F|  |TAMS 0x0000000082e00000| PB 0x0000000082e00000| Untracked 
|  47|0x0000000082f00000, 0x0000000082f00000, 0x0000000083000000|  0%| F|  |TAMS 0x0000000082f00000| PB 0x0000000082f00000| Untracked 
|  48|0x0000000083000000, 0x0000000083000000, 0x0000000083100000|  0%| F|  |TAMS 0x0000000083000000| PB 0x0000000083000000| Untracked 
|  49|0x0000000083100000, 0x0000000083100000, 0x0000000083200000|  0%| F|  |TAMS 0x0000000083100000| PB 0x0000000083100000| Untracked 
|  50|0x0000000083200000, 0x0000000083200000, 0x0000000083300000|  0%| F|  |TAMS 0x0000000083200000| PB 0x0000000083200000| Untracked 
|  51|0x0000000083300000, 0x0000000083300000, 0x0000000083400000|  0%| F|  |TAMS 0x0000000083300000| PB 0x0000000083300000| Untracked 
|  52|0x0000000083400000, 0x0000000083400000, 0x0000000083500000|  0%| F|  |TAMS 0x0000000083400000| PB 0x0000000083400000| Untracked 
|  53|0x0000000083500000, 0x0000000083500000, 0x0000000083600000|  0%| F|  |TAMS 0x0000000083500000| PB 0x0000000083500000| Untracked 
|  54|0x0000000083600000, 0x0000000083600000, 0x0000000083700000|  0%| F|  |TAMS 0x0000000083600000| PB 0x0000000083600000| Untracked 
|  55|0x0000000083700000, 0x0000000083700000, 0x0000000083800000|  0%| F|  |TAMS 0x0000000083700000| PB 0x0000000083700000| Untracked 
|  56|0x0000000083800000, 0x0000000083800000, 0x0000000083900000|  0%| F|  |TAMS 0x0000000083800000| PB 0x0000000083800000| Untracked 
|  57|0x0000000083900000, 0x0000000083900000, 0x0000000083a00000|  0%| F|  |TAMS 0x0000000083900000| PB 0x0000000083900000| Untracked 
|  58|0x0000000083a00000, 0x0000000083a00000, 0x0000000083b00000|  0%| F|  |TAMS 0x0000000083a00000| PB 0x0000000083a00000| Untracked 
|  59|0x0000000083b00000, 0x0000000083b00000, 0x0000000083c00000|  0%| F|  |TAMS 0x0000000083b00000| PB 0x0000000083b00000| Untracked 
|  60|0x0000000083c00000, 0x0000000083c00000, 0x0000000083d00000|  0%| F|  |TAMS 0x0000000083c00000| PB 0x0000000083c00000| Untracked 
|  61|0x0000000083d00000, 0x0000000083d00000, 0x0000000083e00000|  0%| F|  |TAMS 0x0000000083d00000| PB 0x0000000083d00000| Untracked 
|  62|0x0000000083e00000, 0x0000000083e00000, 0x0000000083f00000|  0%| F|  |TAMS 0x0000000083e00000| PB 0x0000000083e00000| Untracked 
|  63|0x0000000083f00000, 0x0000000083f00000, 0x0000000084000000|  0%| F|  |TAMS 0x0000000083f00000| PB 0x0000000083f00000| Untracked 
|  64|0x0000000084000000, 0x0000000084000000, 0x0000000084100000|  0%| F|  |TAMS 0x0000000084000000| PB 0x0000000084000000| Untracked 
|  65|0x0000000084100000, 0x0000000084100000, 0x0000000084200000|  0%| F|  |TAMS 0x0000000084100000| PB 0x0000000084100000| Untracked 
|  66|0x0000000084200000, 0x0000000084200000, 0x0000000084300000|  0%| F|  |TAMS 0x0000000084200000| PB 0x0000000084200000| Untracked 
|  67|0x0000000084300000, 0x0000000084300000, 0x0000000084400000|  0%| F|  |TAMS 0x0000000084300000| PB 0x0000000084300000| Untracked 
|  68|0x0000000084400000, 0x0000000084400000, 0x0000000084500000|  0%| F|  |TAMS 0x0000000084400000| PB 0x0000000084400000| Untracked 
|  69|0x0000000084500000, 0x0000000084500000, 0x0000000084600000|  0%| F|  |TAMS 0x0000000084500000| PB 0x0000000084500000| Untracked 
|  70|0x0000000084600000, 0x0000000084600000, 0x0000000084700000|  0%| F|  |TAMS 0x0000000084600000| PB 0x0000000084600000| Untracked 
|  71|0x0000000084700000, 0x0000000084700000, 0x0000000084800000|  0%| F|  |TAMS 0x0000000084700000| PB 0x0000000084700000| Untracked 
|  72|0x0000000084800000, 0x0000000084800000, 0x0000000084900000|  0%| F|  |TAMS 0x0000000084800000| PB 0x0000000084800000| Untracked 
|  73|0x0000000084900000, 0x0000000084900000, 0x0000000084a00000|  0%| F|  |TAMS 0x0000000084900000| PB 0x0000000084900000| Untracked 
|  74|0x0000000084a00000, 0x0000000084a00000, 0x0000000084b00000|  0%| F|  |TAMS 0x0000000084a00000| PB 0x0000000084a00000| Untracked 
|  75|0x0000000084b00000, 0x0000000084bffa80, 0x0000000084c00000| 99%| S|CS|TAMS 0x0000000084b00000| PB 0x0000000084b00000| Complete 
|  76|0x0000000084c00000, 0x0000000084c00000, 0x0000000084d00000|  0%| F|  |TAMS 0x0000000084c00000| PB 0x0000000084c00000| Untracked 
|  77|0x0000000084d00000, 0x0000000084d00000, 0x0000000084e00000|  0%| F|  |TAMS 0x0000000084d00000| PB 0x0000000084d00000| Untracked 
|  78|0x0000000084e00000, 0x0000000084e00000, 0x0000000084f00000|  0%| F|  |TAMS 0x0000000084e00000| PB 0x0000000084e00000| Untracked 
|  79|0x0000000084f00000, 0x0000000084f00000, 0x0000000085000000|  0%| F|  |TAMS 0x0000000084f00000| PB 0x0000000084f00000| Untracked 
|  80|0x0000000085000000, 0x0000000085000000, 0x0000000085100000|  0%| F|  |TAMS 0x0000000085000000| PB 0x0000000085000000| Untracked 
|  81|0x0000000085100000, 0x000000008518b638, 0x0000000085200000| 54%| E|  |TAMS 0x0000000085100000| PB 0x0000000085100000| Complete 
|  82|0x0000000085200000, 0x0000000085300000, 0x0000000085300000|100%| E|CS|TAMS 0x0000000085200000| PB 0x0000000085200000| Complete 
|  83|0x0000000085300000, 0x0000000085400000, 0x0000000085400000|100%| E|CS|TAMS 0x0000000085300000| PB 0x0000000085300000| Complete 
|  84|0x0000000085400000, 0x0000000085500000, 0x0000000085500000|100%| E|CS|TAMS 0x0000000085400000| PB 0x0000000085400000| Complete 
|  85|0x0000000085500000, 0x0000000085600000, 0x0000000085600000|100%| E|CS|TAMS 0x0000000085500000| PB 0x0000000085500000| Complete 
|  86|0x0000000085600000, 0x0000000085700000, 0x0000000085700000|100%| E|CS|TAMS 0x0000000085600000| PB 0x0000000085600000| Complete 
|  87|0x0000000085700000, 0x0000000085800000, 0x0000000085800000|100%| E|CS|TAMS 0x0000000085700000| PB 0x0000000085700000| Complete 
|  88|0x0000000085800000, 0x0000000085900000, 0x0000000085900000|100%| E|CS|TAMS 0x0000000085800000| PB 0x0000000085800000| Complete 
|  89|0x0000000085900000, 0x0000000085a00000, 0x0000000085a00000|100%| E|CS|TAMS 0x0000000085900000| PB 0x0000000085900000| Complete 
|  90|0x0000000085a00000, 0x0000000085b00000, 0x0000000085b00000|100%| E|CS|TAMS 0x0000000085a00000| PB 0x0000000085a00000| Complete 
|  91|0x0000000085b00000, 0x0000000085c00000, 0x0000000085c00000|100%| E|CS|TAMS 0x0000000085b00000| PB 0x0000000085b00000| Complete 
|  92|0x0000000085c00000, 0x0000000085d00000, 0x0000000085d00000|100%| E|CS|TAMS 0x0000000085c00000| PB 0x0000000085c00000| Complete 
|  93|0x0000000085d00000, 0x0000000085e00000, 0x0000000085e00000|100%| E|CS|TAMS 0x0000000085d00000| PB 0x0000000085d00000| Complete 
|  94|0x0000000085e00000, 0x0000000085f00000, 0x0000000085f00000|100%| E|CS|TAMS 0x0000000085e00000| PB 0x0000000085e00000| Complete 
|  95|0x0000000085f00000, 0x0000000086000000, 0x0000000086000000|100%| E|CS|TAMS 0x0000000085f00000| PB 0x0000000085f00000| Complete 
|  96|0x0000000086000000, 0x0000000086100000, 0x0000000086100000|100%| E|CS|TAMS 0x0000000086000000| PB 0x0000000086000000| Complete 
|  97|0x0000000086100000, 0x0000000086200000, 0x0000000086200000|100%| E|CS|TAMS 0x0000000086100000| PB 0x0000000086100000| Complete 
|  98|0x0000000086200000, 0x0000000086300000, 0x0000000086300000|100%| E|CS|TAMS 0x0000000086200000| PB 0x0000000086200000| Complete 
|  99|0x0000000086300000, 0x0000000086400000, 0x0000000086400000|100%| E|CS|TAMS 0x0000000086300000| PB 0x0000000086300000| Complete 
| 100|0x0000000086400000, 0x0000000086500000, 0x0000000086500000|100%| E|CS|TAMS 0x0000000086400000| PB 0x0000000086400000| Complete 
| 101|0x0000000086500000, 0x0000000086600000, 0x0000000086600000|100%| E|CS|TAMS 0x0000000086500000| PB 0x0000000086500000| Complete 
| 102|0x0000000086600000, 0x0000000086700000, 0x0000000086700000|100%| E|CS|TAMS 0x0000000086600000| PB 0x0000000086600000| Complete 
| 103|0x0000000086700000, 0x0000000086800000, 0x0000000086800000|100%| E|CS|TAMS 0x0000000086700000| PB 0x0000000086700000| Complete 
| 104|0x0000000086800000, 0x0000000086900000, 0x0000000086900000|100%| E|CS|TAMS 0x0000000086800000| PB 0x0000000086800000| Complete 
| 105|0x0000000086900000, 0x0000000086a00000, 0x0000000086a00000|100%| E|CS|TAMS 0x0000000086900000| PB 0x0000000086900000| Complete 
| 106|0x0000000086a00000, 0x0000000086b00000, 0x0000000086b00000|100%| E|CS|TAMS 0x0000000086a00000| PB 0x0000000086a00000| Complete 
| 107|0x0000000086b00000, 0x0000000086c00000, 0x0000000086c00000|100%| E|CS|TAMS 0x0000000086b00000| PB 0x0000000086b00000| Complete 
| 123|0x0000000087b00000, 0x0000000087c00000, 0x0000000087c00000|100%| E|CS|TAMS 0x0000000087b00000| PB 0x0000000087b00000| Complete 
|2041|0x00000000ff900000, 0x00000000ffa00000, 0x00000000ffa00000|100%| O|  |TAMS 0x00000000ff900000| PB 0x00000000ff900000| Untracked 
|2042|0x00000000ffa00000, 0x00000000ffb00000, 0x00000000ffb00000|100%| O|  |TAMS 0x00000000ffa00000| PB 0x00000000ffa00000| Untracked 
|2043|0x00000000ffb00000, 0x00000000ffc00000, 0x00000000ffc00000|100%| O|  |TAMS 0x00000000ffb00000| PB 0x00000000ffb00000| Untracked 
|2044|0x00000000ffc00000, 0x00000000ffd00000, 0x00000000ffd00000|100%| O|  |TAMS 0x00000000ffc00000| PB 0x00000000ffc00000| Untracked 
|2045|0x00000000ffd00000, 0x00000000ffe00000, 0x00000000ffe00000|100%| O|Cm|TAMS 0x00000000ffd00000| PB 0x00000000ffd00000| Complete 
|2046|0x00000000ffe00000, 0x00000000fff00000, 0x00000000fff00000|100%| O|  |TAMS 0x00000000ffe00000| PB 0x00000000ffe00000| Untracked 
|2047|0x00000000fff00000, 0x0000000100000000, 0x0000000100000000|100%| O|  |TAMS 0x00000000fff00000| PB 0x00000000fff00000| Untracked 

Card table byte_map: [0x000001f2e65b0000,0x000001f2e69b0000] _byte_map_base: 0x000001f2e61b0000

Marking Bits: (CMBitMap*) 0x000001f2d3827440
 Bits: [0x000001f2e69b0000, 0x000001f2e89b0000)

Polling page: 0x000001f2d1650000

Metaspace:

Usage:
  Non-class:     52.20 MB used.
      Class:      8.62 MB used.
       Both:     60.81 MB used.

Virtual space:
  Non-class space:       64.00 MB reserved,      52.94 MB ( 83%) committed,  1 nodes.
      Class space:        1.00 GB reserved,       9.38 MB ( <1%) committed,  1 nodes.
             Both:        1.06 GB reserved,      62.31 MB (  6%) committed. 

Chunk freelists:
   Non-Class:  10.21 MB
       Class:  6.54 MB
        Both:  16.75 MB

MaxMetaspaceSize: unlimited
CompressedClassSpaceSize: 1.00 GB
Initial GC threshold: 21.00 MB
Current GC threshold: 98.12 MB
CDS: off
 - commit_granule_bytes: 65536.
 - commit_granule_words: 8192.
 - virtual_space_node_default_size: 8388608.
 - enlarge_chunks_in_place: 1.
 - use_allocation_guard: 0.


Internal statistics:

num_allocs_failed_limit: 9.
num_arena_births: 2874.
num_arena_deaths: 4.
num_vsnodes_births: 2.
num_vsnodes_deaths: 0.
num_space_committed: 997.
num_space_uncommitted: 0.
num_chunks_returned_to_freelist: 14.
num_chunks_taken_from_freelist: 5373.
num_chunk_merges: 9.
num_chunk_splits: 3467.
num_chunks_enlarged: 2124.
num_inconsistent_stats: 0.

CodeHeap 'non-profiled nmethods': size=119168Kb used=3683Kb max_used=3683Kb free=115484Kb
 bounds [0x000001f2de4d0000, 0x000001f2de870000, 0x000001f2e5930000]
CodeHeap 'profiled nmethods': size=119104Kb used=11488Kb max_used=11488Kb free=107615Kb
 bounds [0x000001f2d6930000, 0x000001f2d7490000, 0x000001f2ddd80000]
CodeHeap 'non-nmethods': size=7488Kb used=4263Kb max_used=4299Kb free=3225Kb
 bounds [0x000001f2ddd80000, 0x000001f2de1d0000, 0x000001f2de4d0000]
CodeCache: size=245760Kb, used=19434Kb, max_used=19470Kb, free=226324Kb
 total_blobs=6644, nmethods=5778, adapters=766, full_count=0
Compilation: enabled, stopped_count=0, restarted_count=0

Compilation events (20 events):
Event: 6.578 Thread 0x000001f2f03a42b0 nmethod 6400 0x000001f2d6ca2490 code [0x000001f2d6ca2660, 0x000001f2d6ca29c8]
Event: 6.580 Thread 0x000001f2f03a42b0 6408 %     3       org.gradle.internal.instantiation.generator.AbstractClassGenerator::inspectType @ 207 (560 bytes)
Event: 6.580 Thread 0x000001f2f03a5050 6409       3       com.google.common.collect.AbstractSetMultimap::put (7 bytes)
Event: 6.580 Thread 0x000001f2f03a5050 nmethod 6409 0x000001f2d6e98010 code [0x000001f2d6e981c0, 0x000001f2d6e98300]
Event: 6.580 Thread 0x000001f2f03a5050 6410       3       org.objectweb.asm.SymbolTable::addConstantMethodHandle (197 bytes)
Event: 6.581 Thread 0x000001f2ebd7c550 6411       3       org.gradle.internal.instantiation.generator.AsmBackedClassGenerator$ClassBuilderImpl$$Lambda/0x00000001002de9a0::<init> (50 bytes)
Event: 6.581 Thread 0x000001f2ebb605c0 nmethod 6396 0x000001f2de6bf290 code [0x000001f2de6bf480, 0x000001f2de6bf9d0]
Event: 6.581 Thread 0x000001f2ebb605c0 6402       4       java.net.URI::match (56 bytes)
Event: 6.581 Thread 0x000001f2f03a5050 nmethod 6410 0x000001f2d6ca1210 code [0x000001f2d6ca14a0, 0x000001f2d6ca1de8]
Event: 6.581 Thread 0x000001f2ebd7c550 nmethod 6411 0x000001f2d698bb10 code [0x000001f2d698bcc0, 0x000001f2d698c070]
Event: 6.582 Thread 0x000001f2ebb605c0 nmethod 6402 0x000001f2de868390 code [0x000001f2de868520, 0x000001f2de8685e8]
Event: 6.582 Thread 0x000001f2ebb605c0 6398       4       groovy.lang.MetaMethod::isPrivate (15 bytes)
Event: 6.582 Thread 0x000001f2ebb605c0 nmethod 6398 0x000001f2de868690 code [0x000001f2de868820, 0x000001f2de8688d8]
Event: 6.583 Thread 0x000001f2f03a42b0 nmethod 6408% 0x000001f2d7485210 code [0x000001f2d7485a60, 0x000001f2d748aa38]
Event: 6.587 Thread 0x000001f2f03a42b0 6412       3       java.lang.Long::hashCode (8 bytes)
Event: 6.587 Thread 0x000001f2ebb61060 6413       3       java.lang.reflect.Constructor::getGenericParameterTypes (5 bytes)
Event: 6.587 Thread 0x000001f2f03a42b0 nmethod 6412 0x000001f2d6b08e10 code [0x000001f2d6b08fa0, 0x000001f2d6b09098]
Event: 6.589 Thread 0x000001f2ebb61060 nmethod 6413 0x000001f2d6e4ba10 code [0x000001f2d6e4bcc0, 0x000001f2d6e4cc20]
Event: 6.591 Thread 0x000001f2ebb61060 6414       3       java.lang.ThreadLocal::getCarrierThreadLocal (29 bytes)
Event: 6.591 Thread 0x000001f2ebb61060 nmethod 6414 0x000001f2d6fd8c10 code [0x000001f2d6fd8dc0, 0x000001f2d6fd8f28]

GC Heap History (20 events):
Event: 1.354 GC heap before
{Heap before GC invocations=2 (full 0):
 garbage-first heap   total 126976K, used 62091K [0x0000000080000000, 0x0000000100000000)
  region size 1024K, 52 young (53248K), 3 survivors (3072K)
 Metaspace       used 12631K, committed 12864K, reserved 1114112K
  class space    used 1367K, committed 1472K, reserved 1048576K
}
Event: 1.360 GC heap after
{Heap after GC invocations=3 (full 0):
 garbage-first heap   total 126976K, used 15630K [0x0000000080000000, 0x0000000100000000)
  region size 1024K, 7 young (7168K), 7 survivors (7168K)
 Metaspace       used 12631K, committed 12864K, reserved 1114112K
  class space    used 1367K, committed 1472K, reserved 1048576K
}
Event: 2.004 GC heap before
{Heap before GC invocations=3 (full 0):
 garbage-first heap   total 126976K, used 44302K [0x0000000080000000, 0x0000000100000000)
  region size 1024K, 36 young (36864K), 7 survivors (7168K)
 Metaspace       used 21263K, committed 21504K, reserved 1114112K
  class space    used 2516K, committed 2624K, reserved 1048576K
}
Event: 2.010 GC heap after
{Heap after GC invocations=4 (full 0):
 garbage-first heap   total 126976K, used 19189K [0x0000000080000000, 0x0000000100000000)
  region size 1024K, 8 young (8192K), 8 survivors (8192K)
 Metaspace       used 21263K, committed 21504K, reserved 1114112K
  class space    used 2516K, committed 2624K, reserved 1048576K
}
Event: 2.713 GC heap before
{Heap before GC invocations=5 (full 0):
 garbage-first heap   total 65536K, used 64245K [0x0000000080000000, 0x0000000100000000)
  region size 1024K, 53 young (54272K), 8 survivors (8192K)
 Metaspace       used 28836K, committed 29312K, reserved 1114112K
  class space    used 3787K, committed 3968K, reserved 1048576K
}
Event: 2.720 GC heap after
{Heap after GC invocations=6 (full 0):
 garbage-first heap   total 77824K, used 22277K [0x0000000080000000, 0x0000000100000000)
  region size 1024K, 7 young (7168K), 7 survivors (7168K)
 Metaspace       used 28836K, committed 29312K, reserved 1114112K
  class space    used 3787K, committed 3968K, reserved 1048576K
}
Event: 3.346 GC heap before
{Heap before GC invocations=6 (full 0):
 garbage-first heap   total 77824K, used 61189K [0x0000000080000000, 0x0000000100000000)
  region size 1024K, 45 young (46080K), 7 survivors (7168K)
 Metaspace       used 34204K, committed 35008K, reserved 1114112K
  class space    used 4740K, committed 5120K, reserved 1048576K
}
Event: 3.355 GC heap after
{Heap after GC invocations=7 (full 0):
 garbage-first heap   total 77824K, used 24344K [0x0000000080000000, 0x0000000100000000)
  region size 1024K, 5 young (5120K), 5 survivors (5120K)
 Metaspace       used 34204K, committed 35008K, reserved 1114112K
  class space    used 4740K, committed 5120K, reserved 1048576K
}
Event: 3.445 GC heap before
{Heap before GC invocations=7 (full 0):
 garbage-first heap   total 77824K, used 31512K [0x0000000080000000, 0x0000000100000000)
  region size 1024K, 13 young (13312K), 5 survivors (5120K)
 Metaspace       used 35175K, committed 35968K, reserved 1114112K
  class space    used 4897K, committed 5312K, reserved 1048576K
}
Event: 3.450 GC heap after
{Heap after GC invocations=8 (full 0):
 garbage-first heap   total 94208K, used 25204K [0x0000000080000000, 0x0000000100000000)
  region size 1024K, 4 young (4096K), 4 survivors (4096K)
 Metaspace       used 35175K, committed 35968K, reserved 1114112K
  class space    used 4897K, committed 5312K, reserved 1048576K
}
Event: 4.229 GC heap before
{Heap before GC invocations=9 (full 0):
 garbage-first heap   total 89088K, used 77428K [0x0000000080000000, 0x0000000100000000)
  region size 1024K, 55 young (56320K), 4 survivors (4096K)
 Metaspace       used 45316K, committed 46464K, reserved 1114112K
  class space    used 6298K, committed 6848K, reserved 1048576K
}
Event: 4.239 GC heap after
{Heap after GC invocations=10 (full 0):
 garbage-first heap   total 89088K, used 29340K [0x0000000080000000, 0x0000000100000000)
  region size 1024K, 7 young (7168K), 7 survivors (7168K)
 Metaspace       used 45316K, committed 46464K, reserved 1114112K
  class space    used 6298K, committed 6848K, reserved 1048576K
}
Event: 4.713 GC heap before
{Heap before GC invocations=10 (full 0):
 garbage-first heap   total 89088K, used 79516K [0x0000000080000000, 0x0000000100000000)
  region size 1024K, 52 young (53248K), 7 survivors (7168K)
 Metaspace       used 49258K, committed 50496K, reserved 1114112K
  class space    used 6748K, committed 7360K, reserved 1048576K
}
Event: 4.724 GC heap after
{Heap after GC invocations=11 (full 0):
 garbage-first heap   total 94208K, used 33484K [0x0000000080000000, 0x0000000100000000)
  region size 1024K, 5 young (5120K), 5 survivors (5120K)
 Metaspace       used 49258K, committed 50496K, reserved 1114112K
  class space    used 6748K, committed 7360K, reserved 1048576K
}
Event: 5.428 GC heap before
{Heap before GC invocations=11 (full 0):
 garbage-first heap   total 94208K, used 82636K [0x0000000080000000, 0x0000000100000000)
  region size 1024K, 51 young (52224K), 5 survivors (5120K)
 Metaspace       used 53277K, committed 54528K, reserved 1114112K
  class space    used 7422K, committed 8000K, reserved 1048576K
}
Event: 5.434 GC heap after
{Heap after GC invocations=12 (full 0):
 garbage-first heap   total 94208K, used 41496K [0x0000000080000000, 0x0000000100000000)
  region size 1024K, 7 young (7168K), 7 survivors (7168K)
 Metaspace       used 53277K, committed 54528K, reserved 1114112K
  class space    used 7422K, committed 8000K, reserved 1048576K
}
Event: 6.032 GC heap before
{Heap before GC invocations=12 (full 0):
 garbage-first heap   total 94208K, used 81432K [0x0000000080000000, 0x0000000100000000)
  region size 1024K, 46 young (47104K), 7 survivors (7168K)
 Metaspace       used 57552K, committed 58944K, reserved 1114112K
  class space    used 8126K, committed 8768K, reserved 1048576K
}
Event: 6.039 GC heap after
{Heap after GC invocations=13 (full 0):
 garbage-first heap   total 94208K, used 45240K [0x0000000080000000, 0x0000000100000000)
  region size 1024K, 4 young (4096K), 4 survivors (4096K)
 Metaspace       used 57552K, committed 58944K, reserved 1114112K
  class space    used 8126K, committed 8768K, reserved 1048576K
}
Event: 6.173 GC heap before
{Heap before GC invocations=13 (full 0):
 garbage-first heap   total 94208K, used 53432K [0x0000000080000000, 0x0000000100000000)
  region size 1024K, 13 young (13312K), 4 survivors (4096K)
 Metaspace       used 58734K, committed 60096K, reserved 1114112K
  class space    used 8326K, committed 8960K, reserved 1048576K
}
Event: 6.177 GC heap after
{Heap after GC invocations=14 (full 0):
 garbage-first heap   total 118784K, used 46078K [0x0000000080000000, 0x0000000100000000)
  region size 1024K, 1 young (1024K), 1 survivors (1024K)
 Metaspace       used 58734K, committed 60096K, reserved 1114112K
  class space    used 8326K, committed 8960K, reserved 1048576K
}

Dll operation events (3 events):
Event: 0.022 Loaded shared library E:\Programming\Android Studio Installation\jbr\bin\java.dll
Event: 0.030 Loaded shared library E:\Programming\Android Studio Installation\jbr\bin\zip.dll
Event: 0.547 Loaded shared library E:\Programming\Android Studio Installation\jbr\bin\verify.dll

Deoptimization events (20 events):
Event: 6.389 Thread 0x000001f2f15c28a0 Uncommon trap: trap_request=0xffffff45 fr.pc=0x000001f2de819688 relative=0x0000000000000408
Event: 6.389 Thread 0x000001f2f15c28a0 Uncommon trap: reason=unstable_if action=reinterpret pc=0x000001f2de819688 method=org.objectweb.asm.MethodWriter.visitVarInsn(II)V @ 108 c2
Event: 6.389 Thread 0x000001f2f15c28a0 DEOPT PACKING pc=0x000001f2de819688 sp=0x000000a5bacf8e60
Event: 6.389 Thread 0x000001f2f15c28a0 DEOPT UNPACKING pc=0x000001f2dddd43a2 sp=0x000000a5bacf8e18 mode 2
Event: 6.390 Thread 0x000001f2f15c28a0 Uncommon trap: trap_request=0xffffff45 fr.pc=0x000001f2de707b28 relative=0x0000000000000108
Event: 6.390 Thread 0x000001f2f15c28a0 Uncommon trap: reason=unstable_if action=reinterpret pc=0x000001f2de707b28 method=org.objectweb.asm.ByteVector.putShort(I)Lorg/objectweb/asm/ByteVector; @ 13 c2
Event: 6.390 Thread 0x000001f2f15c28a0 DEOPT PACKING pc=0x000001f2de707b28 sp=0x000000a5bacf8d90
Event: 6.390 Thread 0x000001f2f15c28a0 DEOPT UNPACKING pc=0x000001f2dddd43a2 sp=0x000000a5bacf8d28 mode 2
Event: 6.418 Thread 0x000001f2f15c28a0 Uncommon trap: trap_request=0xffffff45 fr.pc=0x000001f2de794688 relative=0x00000000000013c8
Event: 6.418 Thread 0x000001f2f15c28a0 Uncommon trap: reason=unstable_if action=reinterpret pc=0x000001f2de794688 method=java.util.concurrent.ConcurrentHashMap.computeIfAbsent(Ljava/lang/Object;Ljava/util/function/Function;)Ljava/lang/Object; @ 123 c2
Event: 6.418 Thread 0x000001f2f15c28a0 DEOPT PACKING pc=0x000001f2de794688 sp=0x000000a5bacfa140
Event: 6.418 Thread 0x000001f2f15c28a0 DEOPT UNPACKING pc=0x000001f2dddd43a2 sp=0x000000a5bacfa0c0 mode 2
Event: 6.526 Thread 0x000001f2f345c230 Uncommon trap: trap_request=0xffffff45 fr.pc=0x000001f2de5302d4 relative=0x0000000000000114
Event: 6.526 Thread 0x000001f2f345c230 Uncommon trap: reason=unstable_if action=reinterpret pc=0x000001f2de5302d4 method=java.lang.ThreadLocal$ThreadLocalMap.getEntry(Ljava/lang/ThreadLocal;)Ljava/lang/ThreadLocal$ThreadLocalMap$Entry; @ 29 c2
Event: 6.526 Thread 0x000001f2f345c230 DEOPT PACKING pc=0x000001f2de5302d4 sp=0x000000a5bd9fe390
Event: 6.526 Thread 0x000001f2f345c230 DEOPT UNPACKING pc=0x000001f2dddd43a2 sp=0x000000a5bd9fe240 mode 2
Event: 6.543 Thread 0x000001f2f15c28a0 Uncommon trap: trap_request=0xffffffde fr.pc=0x000001f2de85c718 relative=0x0000000000003e58
Event: 6.543 Thread 0x000001f2f15c28a0 Uncommon trap: reason=class_check action=maybe_recompile pc=0x000001f2de85c718 method=jdk.internal.loader.URLClassPath.getResource(Ljava/lang/String;Z)Ljdk/internal/loader/Resource; @ 53 c2
Event: 6.543 Thread 0x000001f2f15c28a0 DEOPT PACKING pc=0x000001f2de85c718 sp=0x000000a5bacf7870
Event: 6.543 Thread 0x000001f2f15c28a0 DEOPT UNPACKING pc=0x000001f2dddd43a2 sp=0x000000a5bacf7680 mode 2

Classes loaded (20 events):
Event: 6.276 Loading class java/io/ObjectStreamClass$3
Event: 6.276 Loading class java/io/ObjectStreamClass$3 done
Event: 6.276 Loading class java/io/ObjectStreamClass$4
Event: 6.276 Loading class java/io/ObjectStreamClass$4 done
Event: 6.276 Loading class java/io/ObjectStreamClass$5
Event: 6.276 Loading class java/io/ObjectStreamClass$5 done
Event: 6.277 Loading class java/io/ObjectStreamClass$ClassDataSlot
Event: 6.277 Loading class java/io/ObjectStreamClass$ClassDataSlot done
Event: 6.279 Loading class jdk/internal/reflect/MethodHandleLongFieldAccessorImpl
Event: 6.279 Loading class jdk/internal/reflect/MethodHandleLongFieldAccessorImpl done
Event: 6.282 Loading class java/io/SerialCallbackContext
Event: 6.282 Loading class java/io/SerialCallbackContext done
Event: 6.371 Loading class java/util/function/LongUnaryOperator
Event: 6.371 Loading class java/util/function/LongUnaryOperator done
Event: 6.551 Loading class org/xml/sax/Locator
Event: 6.551 Loading class org/xml/sax/Locator done
Event: 6.552 Loading class org/xml/sax/SAXParseException
Event: 6.552 Loading class org/xml/sax/SAXParseException done
Event: 6.553 Loading class org/xml/sax/Attributes
Event: 6.553 Loading class org/xml/sax/Attributes done

Classes unloaded (2 events):
Event: 6.199 Thread 0x000001f2d13cfbb0 Unloading class 0x00000001007d0c00 'java/lang/invoke/LambdaForm$DMH+0x00000001007d0c00'
Event: 6.199 Thread 0x000001f2d13cfbb0 Unloading class 0x00000001007d0400 'java/lang/invoke/LambdaForm$DMH+0x00000001007d0400'

Classes redefined (0 events):
No events

Internal exceptions (20 events):
Event: 6.533 Thread 0x000001f2f15c28a0 Exception <a 'java/lang/ClassNotFoundException'{0x000000008563fef8}: org/gradle/api/internal/project/ProjectScriptBeanInfo> (0x000000008563fef8) 
thrown [s\src\hotspot\share\classfile\systemDictionary.cpp, line 312]
Event: 6.533 Thread 0x000001f2f15c28a0 Exception <a 'java/lang/ClassNotFoundException'{0x0000000085649030}: org/gradle/api/internal/project/ProjectScriptCustomizer> (0x0000000085649030) 
thrown [s\src\hotspot\share\classfile\systemDictionary.cpp, line 312]
Event: 6.534 Thread 0x000001f2f15c28a0 Exception <a 'java/lang/ClassNotFoundException'{0x0000000085660018}: build_60mwr45nbiqz5d6h3vs9ut4pxCustomizer> (0x0000000085660018) 
thrown [s\src\hotspot\share\classfile\systemDictionary.cpp, line 312]
Event: 6.544 Thread 0x000001f2f15c28a0 Exception <a 'sun/nio/fs/WindowsException'{0x00000000855594b8}> (0x00000000855594b8) 
thrown [s\src\hotspot\share\prims\jni.cpp, line 537]
Event: 6.544 Thread 0x000001f2f15c28a0 Exception <a 'java/lang/ClassNotFoundException'{0x000000008555be78}: org/gradle/api/internal/project/DefaultProject_DecoratedBeanInfo> (0x000000008555be78) 
thrown [s\src\hotspot\share\classfile\systemDictionary.cpp, line 312]
Event: 6.544 Thread 0x000001f2f15c28a0 Exception <a 'sun/nio/fs/WindowsException'{0x000000008556e5a8}> (0x000000008556e5a8) 
thrown [s\src\hotspot\share\prims\jni.cpp, line 537]
Event: 6.545 Thread 0x000001f2f15c28a0 Exception <a 'java/lang/ClassNotFoundException'{0x0000000085571210}: org/gradle/api/internal/project/DefaultProjectBeanInfo> (0x0000000085571210) 
thrown [s\src\hotspot\share\classfile\systemDictionary.cpp, line 312]
Event: 6.545 Thread 0x000001f2f15c28a0 Exception <a 'sun/nio/fs/WindowsException'{0x0000000085583430}> (0x0000000085583430) 
thrown [s\src\hotspot\share\prims\jni.cpp, line 537]
Event: 6.545 Thread 0x000001f2f15c28a0 Exception <a 'java/lang/ClassNotFoundException'{0x0000000085585de8}: org/gradle/api/internal/project/DefaultProjectCustomizer> (0x0000000085585de8) 
thrown [s\src\hotspot\share\classfile\systemDictionary.cpp, line 312]
Event: 6.549 Thread 0x000001f2f15c28a0 Exception <a 'sun/nio/fs/WindowsException'{0x0000000085440578}> (0x0000000085440578) 
thrown [s\src\hotspot\share\prims\jni.cpp, line 537]
Event: 6.549 Thread 0x000001f2f15c28a0 Exception <a 'java/lang/ClassNotFoundException'{0x0000000085442f40}: org/gradle/api/internal/project/DefaultProject_DecoratedCustomizer> (0x0000000085442f40) 
thrown [s\src\hotspot\share\classfile\systemDictionary.cpp, line 312]
Event: 6.561 Thread 0x000001f2f15c28a0 Exception <a 'sun/nio/fs/WindowsException'{0x00000000854f7a58}> (0x00000000854f7a58) 
thrown [s\src\hotspot\share\prims\jni.cpp, line 537]
Event: 6.562 Thread 0x000001f2f15c28a0 Exception <a 'java/lang/ClassNotFoundException'{0x00000000854faed8}: build_60mwr45nbiqz5d6h3vs9ut4px$_run_closure1$_closure3BeanInfo> (0x00000000854faed8) 
thrown [s\src\hotspot\share\classfile\systemDictionary.cpp, line 312]
Event: 6.563 Thread 0x000001f2f15c28a0 Exception <a 'sun/nio/fs/WindowsException'{0x000000008530ac78}> (0x000000008530ac78) 
thrown [s\src\hotspot\share\prims\jni.cpp, line 537]
Event: 6.563 Thread 0x000001f2f15c28a0 Exception <a 'java/lang/ClassNotFoundException'{0x000000008530e100}: build_60mwr45nbiqz5d6h3vs9ut4px$_run_closure1$_closure3Customizer> (0x000000008530e100) 
thrown [s\src\hotspot\share\classfile\systemDictionary.cpp, line 312]
Event: 6.565 Thread 0x000001f2f15c28a0 Exception <a 'sun/nio/fs/WindowsException'{0x00000000853359b8}> (0x00000000853359b8) 
thrown [s\src\hotspot\share\prims\jni.cpp, line 537]
Event: 6.565 Thread 0x000001f2f15c28a0 Exception <a 'java/lang/ClassNotFoundException'{0x0000000085338e30}: build_60mwr45nbiqz5d6h3vs9ut4px$_run_closure1BeanInfo> (0x0000000085338e30) 
thrown [s\src\hotspot\share\classfile\systemDictionary.cpp, line 312]
Event: 6.565 Thread 0x000001f2f15c28a0 Exception <a 'sun/nio/fs/WindowsException'{0x0000000085343338}> (0x0000000085343338) 
thrown [s\src\hotspot\share\prims\jni.cpp, line 537]
Event: 6.565 Thread 0x000001f2f15c28a0 Exception <a 'java/lang/ClassNotFoundException'{0x00000000853467b0}: build_60mwr45nbiqz5d6h3vs9ut4px$_run_closure1Customizer> (0x00000000853467b0) 
thrown [s\src\hotspot\share\classfile\systemDictionary.cpp, line 312]
Event: 6.593 Thread 0x000001f2f15c28a0 Exception <a 'sun/nio/fs/WindowsException'{0x0000000085236970}> (0x0000000085236970) 
thrown [s\src\hotspot\share\prims\jni.cpp, line 537]

ZGC Phase Switch (0 events):
No events

VM Operations (20 events):
Event: 5.649 Executing VM operation: HandshakeAllThreads (Deoptimize)
Event: 5.649 Executing VM operation: HandshakeAllThreads (Deoptimize) done
Event: 5.754 Executing VM operation: ICBufferFull
Event: 5.754 Executing VM operation: ICBufferFull done
Event: 6.032 Executing VM operation: G1CollectForAllocation (G1 Evacuation Pause)
Event: 6.039 Executing VM operation: G1CollectForAllocation (G1 Evacuation Pause) done
Event: 6.094 Executing VM operation: HandshakeAllThreads (Deoptimize)
Event: 6.094 Executing VM operation: HandshakeAllThreads (Deoptimize) done
Event: 6.169 Executing VM operation: HandshakeAllThreads (Deoptimize)
Event: 6.169 Executing VM operation: HandshakeAllThreads (Deoptimize) done
Event: 6.173 Executing VM operation: CollectForMetadataAllocation (Metadata GC Threshold)
Event: 6.177 Executing VM operation: CollectForMetadataAllocation (Metadata GC Threshold) done
Event: 6.194 Executing VM operation: HandshakeAllThreads (Deoptimize)
Event: 6.194 Executing VM operation: HandshakeAllThreads (Deoptimize) done
Event: 6.198 Executing VM operation: G1PauseRemark
Event: 6.207 Executing VM operation: G1PauseRemark done
Event: 6.216 Executing VM operation: G1PauseCleanup
Event: 6.216 Executing VM operation: G1PauseCleanup done
Event: 6.580 Executing VM operation: ICBufferFull
Event: 6.580 Executing VM operation: ICBufferFull done

Memory protections (0 events):
No events

Nmethod flushes (20 events):
Event: 6.206 Thread 0x000001f2d13cfbb0 flushing  nmethod 0x000001f2d7008410
Event: 6.206 Thread 0x000001f2d13cfbb0 flushing  nmethod 0x000001f2d6935410
Event: 6.206 Thread 0x000001f2d13cfbb0 flushing  nmethod 0x000001f2d697b010
Event: 6.206 Thread 0x000001f2d13cfbb0 flushing  nmethod 0x000001f2d697ba10
Event: 6.206 Thread 0x000001f2d13cfbb0 flushing  nmethod 0x000001f2d697c690
Event: 6.206 Thread 0x000001f2d13cfbb0 flushing  nmethod 0x000001f2d69f8110
Event: 6.206 Thread 0x000001f2d13cfbb0 flushing  nmethod 0x000001f2d6a2d010
Event: 6.206 Thread 0x000001f2d13cfbb0 flushing  nmethod 0x000001f2d6a72290
Event: 6.206 Thread 0x000001f2d13cfbb0 flushing  nmethod 0x000001f2d6ad3410
Event: 6.206 Thread 0x000001f2d13cfbb0 flushing  nmethod 0x000001f2d6ad4490
Event: 6.206 Thread 0x000001f2d13cfbb0 flushing  nmethod 0x000001f2d6ad5e10
Event: 6.206 Thread 0x000001f2d13cfbb0 flushing  nmethod 0x000001f2d6c9f310
Event: 6.206 Thread 0x000001f2d13cfbb0 flushing  nmethod 0x000001f2d6ca1210
Event: 6.206 Thread 0x000001f2d13cfbb0 flushing  nmethod 0x000001f2d6ca1790
Event: 6.206 Thread 0x000001f2d13cfbb0 flushing  nmethod 0x000001f2d6ca3190
Event: 6.206 Thread 0x000001f2d13cfbb0 flushing  nmethod 0x000001f2d6d34910
Event: 6.206 Thread 0x000001f2d13cfbb0 flushing  nmethod 0x000001f2d6d37310
Event: 6.206 Thread 0x000001f2d13cfbb0 flushing  nmethod 0x000001f2d6d3a590
Event: 6.206 Thread 0x000001f2d13cfbb0 flushing  nmethod 0x000001f2d6d3af10
Event: 6.206 Thread 0x000001f2d13cfbb0 flushing  nmethod 0x000001f2d6fd8c10

Events (20 events):
Event: 5.075 Thread 0x000001f2f15c28a0 Thread added: 0x000001f2f5039710
Event: 5.078 Thread 0x000001f2f15c28a0 Thread added: 0x000001f2f5038360
Event: 5.080 Thread 0x000001f2f15c28a0 Thread added: 0x000001f2f5036290
Event: 5.084 Thread 0x000001f2f15c28a0 Thread added: 0x000001f2f5036920
Event: 5.085 Thread 0x000001f2f15c28a0 Thread added: 0x000001f2f5036fb0
Event: 5.088 Thread 0x000001f2f15c28a0 Thread added: 0x000001f2f3457370
Event: 5.092 Thread 0x000001f2f15c28a0 Thread added: 0x000001f2f3457a00
Event: 5.096 Thread 0x000001f2f15c28a0 Thread added: 0x000001f2f345ae80
Event: 5.105 Thread 0x000001f2f03a5050 Thread added: 0x000001f2f03a4980
Event: 5.106 Thread 0x000001f2ebd7c550 Thread added: 0x000001f2f03a19d0
Event: 5.163 Thread 0x000001f2f15c28a0 Thread added: 0x000001f2f345a160
Event: 5.202 Thread 0x000001f2f15c28a0 Thread added: 0x000001f2f3459440
Event: 5.243 Thread 0x000001f2f15c28a0 Thread added: 0x000001f2f3458720
Event: 5.261 Thread 0x000001f2f15c28a0 Thread added: 0x000001f2f345a7f0
Event: 5.271 Thread 0x000001f2f15c28a0 Thread added: 0x000001f2f3459ad0
Event: 5.356 Thread 0x000001f2f15c28a0 Thread added: 0x000001f2f345b510
Event: 5.755 Thread 0x000001f2f15c28a0 Thread added: 0x000001f2f3458db0
Event: 5.873 Thread 0x000001f2f15c28a0 Thread added: 0x000001f2f345d5e0
Event: 6.525 Thread 0x000001f2f15c28a0 Thread added: 0x000001f2f345c230
Event: 6.592 Thread 0x000001f2f15c28a0 Thread added: 0x000001f2f345c8c0


Dynamic libraries:
0x00007ff7672e0000 - 0x00007ff7672ea000 	E:\Programming\Android Studio Installation\jbr\bin\java.exe
0x00007ffd4e240000 - 0x00007ffd4e4a6000 	C:\WINDOWS\SYSTEM32\ntdll.dll
0x00007ffd4d650000 - 0x00007ffd4d719000 	C:\WINDOWS\System32\KERNEL32.DLL
0x00007ffd4b560000 - 0x00007ffd4b95a000 	C:\WINDOWS\System32\KERNELBASE.dll
0x00007ffd4bae0000 - 0x00007ffd4bc2c000 	C:\WINDOWS\System32\ucrtbase.dll
0x00007ffd40990000 - 0x00007ffd409a8000 	E:\Programming\Android Studio Installation\jbr\bin\jli.dll
0x00007ffd40d40000 - 0x00007ffd40d5b000 	E:\Programming\Android Studio Installation\jbr\bin\VCRUNTIME140.dll
0x00007ffd4ddf0000 - 0x00007ffd4dfb7000 	C:\WINDOWS\System32\USER32.dll
0x00007ffd4bd90000 - 0x00007ffd4bdb7000 	C:\WINDOWS\System32\win32u.dll
0x00007ffd30a20000 - 0x00007ffd30cb2000 	C:\WINDOWS\WinSxS\amd64_microsoft.windows.common-controls_6595b64144ccf1df_6.0.26100.8521_none_3e08b75ce33403b3\COMCTL32.dll
0x00007ffd4d930000 - 0x00007ffd4d95b000 	C:\WINDOWS\System32\GDI32.dll
0x00007ffd4c120000 - 0x00007ffd4c1c9000 	C:\WINDOWS\System32\msvcrt.dll
0x00007ffd4bdc0000 - 0x00007ffd4beeb000 	C:\WINDOWS\System32\gdi32full.dll
0x00007ffd4bce0000 - 0x00007ffd4bd83000 	C:\WINDOWS\System32\msvcp_win.dll
0x00007ffd4c380000 - 0x00007ffd4c3b2000 	C:\WINDOWS\System32\IMM32.DLL
0x00007ffd47f00000 - 0x00007ffd47f0c000 	E:\Programming\Android Studio Installation\jbr\bin\vcruntime140_1.dll
0x00007ffd23c70000 - 0x00007ffd23cfd000 	E:\Programming\Android Studio Installation\jbr\bin\msvcp140.dll
0x00007ffc87530000 - 0x00007ffc881c6000 	E:\Programming\Android Studio Installation\jbr\bin\server\jvm.dll
0x00007ffd4d590000 - 0x00007ffd4d646000 	C:\WINDOWS\System32\ADVAPI32.dll
0x00007ffd4d880000 - 0x00007ffd4d92a000 	C:\WINDOWS\System32\sechost.dll
0x00007ffd4c250000 - 0x00007ffd4c368000 	C:\WINDOWS\System32\RPCRT4.dll
0x00007ffd4d350000 - 0x00007ffd4d3d0000 	C:\WINDOWS\System32\WS2_32.dll
0x00007ffd4ad80000 - 0x00007ffd4adde000 	C:\WINDOWS\SYSTEM32\POWRPROF.dll
0x00007ffd35360000 - 0x00007ffd35396000 	C:\WINDOWS\SYSTEM32\WINMM.dll
0x00007ffd42c10000 - 0x00007ffd42c1b000 	C:\WINDOWS\SYSTEM32\VERSION.dll
0x00007ffd4ad10000 - 0x00007ffd4ad24000 	C:\WINDOWS\SYSTEM32\UMPDC.dll
0x00007ffd4a220000 - 0x00007ffd4a23b000 	C:\WINDOWS\SYSTEM32\kernel.appcore.dll
0x00007ffd46100000 - 0x00007ffd4610a000 	E:\Programming\Android Studio Installation\jbr\bin\jimage.dll
0x00007ffd48b80000 - 0x00007ffd48dc2000 	C:\WINDOWS\SYSTEM32\DBGHELP.DLL
0x00007ffd4c3c0000 - 0x00007ffd4c743000 	C:\WINDOWS\System32\combase.dll
0x00007ffd4d270000 - 0x00007ffd4d349000 	C:\WINDOWS\System32\OLEAUT32.dll
0x00007ffd30f70000 - 0x00007ffd30fab000 	C:\WINDOWS\SYSTEM32\dbgcore.DLL
0x00007ffd4bc30000 - 0x00007ffd4bcd8000 	C:\WINDOWS\System32\bcryptPrimitives.dll
0x00007ffd40d80000 - 0x00007ffd40d8e000 	E:\Programming\Android Studio Installation\jbr\bin\instrument.dll
0x00007ffd40c70000 - 0x00007ffd40c90000 	E:\Programming\Android Studio Installation\jbr\bin\java.dll
0x00007ffd40950000 - 0x00007ffd40968000 	E:\Programming\Android Studio Installation\jbr\bin\zip.dll
0x00007ffd4ca60000 - 0x00007ffd4d1e4000 	C:\WINDOWS\System32\SHELL32.dll
0x00007ffd49050000 - 0x00007ffd498d0000 	C:\WINDOWS\SYSTEM32\windows.storage.dll
0x00007ffd4d780000 - 0x00007ffd4d876000 	C:\WINDOWS\System32\SHCORE.dll
0x00007ffd4d520000 - 0x00007ffd4d587000 	C:\WINDOWS\System32\shlwapi.dll
0x00007ffd4b3f0000 - 0x00007ffd4b419000 	C:\WINDOWS\SYSTEM32\profapi.dll
0x00007ffd40d10000 - 0x00007ffd40d20000 	E:\Programming\Android Studio Installation\jbr\bin\net.dll
0x00007ffd417d0000 - 0x00007ffd418f9000 	C:\WINDOWS\SYSTEM32\WINHTTP.dll
0x00007ffd4a770000 - 0x00007ffd4a7dc000 	C:\WINDOWS\system32\mswsock.dll
0x00007ffd40780000 - 0x00007ffd40796000 	E:\Programming\Android Studio Installation\jbr\bin\nio.dll
0x00007ffd40dc0000 - 0x00007ffd40dd0000 	E:\Programming\Android Studio Installation\jbr\bin\verify.dll
0x00007ffd32bf0000 - 0x00007ffd32c17000 	C:\Users\asus\.gradle\native\c067742578af261105cb4f569cf0c3c89f3d7b1fecec35dd04571415982c5e48\windows-amd64\native-platform.dll
0x00007ffcf0610000 - 0x00007ffcf0754000 	C:\Users\asus\.gradle\native\38dada09dfb8b06ba9b0570ebf7e218e3eb74d4ef43ca46872605cf95ebc2f47\windows-amd64\native-platform-file-events.dll
0x00007ffd40cb0000 - 0x00007ffd40cb9000 	E:\Programming\Android Studio Installation\jbr\bin\management.dll
0x00007ffd40c60000 - 0x00007ffd40c6b000 	E:\Programming\Android Studio Installation\jbr\bin\management_ext.dll
0x00007ffd4ca50000 - 0x00007ffd4ca58000 	C:\WINDOWS\System32\PSAPI.DLL
0x00007ffd4ab70000 - 0x00007ffd4ab8b000 	C:\WINDOWS\SYSTEM32\CRYPTSP.dll
0x00007ffd4a180000 - 0x00007ffd4a1b9000 	C:\WINDOWS\system32\rsaenh.dll
0x00007ffd4a820000 - 0x00007ffd4a853000 	C:\WINDOWS\SYSTEM32\USERENV.dll
0x00007ffd4b3c0000 - 0x00007ffd4b3ea000 	C:\WINDOWS\SYSTEM32\bcrypt.dll
0x00007ffd4ab50000 - 0x00007ffd4ab5c000 	C:\WINDOWS\SYSTEM32\CRYPTBASE.dll
0x00007ffd49c00000 - 0x00007ffd49c33000 	C:\WINDOWS\SYSTEM32\IPHLPAPI.DLL
0x00007ffd4c370000 - 0x00007ffd4c37a000 	C:\WINDOWS\System32\NSI.dll
0x00007ffd40bd0000 - 0x00007ffd40bd9000 	E:\Programming\Android Studio Installation\jbr\bin\extnet.dll
0x00007ffd31ef0000 - 0x00007ffd31ef8000 	C:\WINDOWS\system32\wshunix.dll

JVMTI agents:
C:\Users\asus\.gradle\wrapper\dists\gradle-8.6-bin\afr5mpiioh2wthjmwnkmdsd5w\gradle-8.6\lib\agents\gradle-instrumentation-agent-8.6.jar path:E:\Programming\Android Studio Installation\jbr\bin\instrument.dll, loaded, initialized, instrumentlib options:none

dbghelp: loaded successfully - version: 4.0.5 - missing functions: none
symbol engine: initialized successfully - sym options: 0x614 - pdb path: .;E:\Programming\Android Studio Installation\jbr\bin;C:\WINDOWS\SYSTEM32;C:\WINDOWS\WinSxS\amd64_microsoft.windows.common-controls_6595b64144ccf1df_6.0.26100.8521_none_3e08b75ce33403b3;E:\Programming\Android Studio Installation\jbr\bin\server;C:\Users\asus\.gradle\native\c067742578af261105cb4f569cf0c3c89f3d7b1fecec35dd04571415982c5e48\windows-amd64;C:\Users\asus\.gradle\native\38dada09dfb8b06ba9b0570ebf7e218e3eb74d4ef43ca46872605cf95ebc2f47\windows-amd64

VM Arguments:
jvm_args: --add-opens=java.base/java.util=ALL-UNNAMED --add-opens=java.base/java.lang=ALL-UNNAMED --add-opens=java.base/java.lang.invoke=ALL-UNNAMED --add-opens=java.prefs/java.util.prefs=ALL-UNNAMED --add-opens=java.base/java.nio.charset=ALL-UNNAMED --add-opens=java.base/java.net=ALL-UNNAMED --add-opens=java.base/java.util.concurrent.atomic=ALL-UNNAMED -Xmx2048m -Dfile.encoding=UTF-8 -Duser.country=US -Duser.language=en -Duser.variant -javaagent:C:\Users\asus\.gradle\wrapper\dists\gradle-8.6-bin\afr5mpiioh2wthjmwnkmdsd5w\gradle-8.6\lib\agents\gradle-instrumentation-agent-8.6.jar 
java_command: org.gradle.launcher.daemon.bootstrap.GradleDaemon 8.6
java_class_path (initial): C:\Users\asus\.gradle\wrapper\dists\gradle-8.6-bin\afr5mpiioh2wthjmwnkmdsd5w\gradle-8.6\lib\gradle-launcher-8.6.jar
Launcher Type: SUN_STANDARD

[Global flags]
     intx CICompilerCount                          = 12                                        {product} {ergonomic}
     uint ConcGCThreads                            = 3                                         {product} {ergonomic}
     uint G1ConcRefinementThreads                  = 13                                        {product} {ergonomic}
   size_t G1HeapRegionSize                         = 1048576                                   {product} {ergonomic}
    uintx GCDrainStackTargetSize                   = 64                                        {product} {ergonomic}
   size_t InitialHeapSize                          = 130023424                                 {product} {ergonomic}
   size_t MarkStackSize                            = 4194304                                   {product} {ergonomic}
   size_t MaxHeapSize                              = 2147483648                                {product} {command line}
   size_t MaxNewSize                               = 1287651328                                {product} {ergonomic}
   size_t MinHeapDeltaBytes                        = 1048576                                   {product} {ergonomic}
   size_t MinHeapSize                              = 8388608                                   {product} {ergonomic}
    uintx NonNMethodCodeHeapSize                   = 7602480                                {pd product} {ergonomic}
    uintx NonProfiledCodeHeapSize                  = 122027880                              {pd product} {ergonomic}
    uintx ProfiledCodeHeapSize                     = 122027880                              {pd product} {ergonomic}
    uintx ReservedCodeCacheSize                    = 251658240                              {pd product} {ergonomic}
     bool SegmentedCodeCache                       = true                                      {product} {ergonomic}
   size_t SoftMaxHeapSize                          = 2147483648                             {manageable} {ergonomic}
     bool UseCompressedOops                        = true                           {product lp64_product} {ergonomic}
     bool UseG1GC                                  = true                                      {product} {ergonomic}
     bool UseLargePagesIndividualAllocation        = false                                  {pd product} {ergonomic}

Logging:
Log output configuration:
 #0: stdout all=warning uptime,level,tags foldmultilines=false
 #1: stderr all=off uptime,level,tags foldmultilines=false

Release file:
JAVA_VERSION="21.0.9" 
MODULES="java.base java.compiler java.datatransfer java.xml java.prefs java.desktop java.instrument java.logging java.management java.security.sasl java.naming java.rmi java.management.rmi java.net.http java.scripting java.security.jgss java.transaction.xa java.sql java.sql.rowset java.xml.crypto java.se java.smartcardio jdk.accessibility jdk.internal.jvmstat jdk.attach jdk.charsets jdk.internal.opt jdk.zipfs jdk.compiler jdk.crypto.ec jdk.crypto.cryptoki jdk.dynalink jdk.hotspot.agent jdk.httpserver jdk.internal.ed jdk.internal.le jdk.internal.vm.ci jdk.jartool jdk.javadoc jdk.jcmd jdk.jdeps jdk.jdwp.agent jdk.jdi jdk.jfr jdk.jlink jdk.jsobject jdk.localedata jdk.management jdk.management.agent jdk.management.jfr jdk.naming.dns jdk.naming.rmi jdk.net jdk.sctp jdk.security.auth jdk.security.jgss jdk.unsupported jdk.unsupported.desktop jdk.xml.dom" 
IMPLEMENTOR="JetBrains s.r.o." 
JAVA_RUNTIME_VERSION="21.0.9+-14787801-b1163.94" 
LIBC="default" 
OS_ARCH="x86_64" 
OS_NAME="Windows" 
SOURCE=".:git:0c757ddc9f2f" 

Environment Variables:
CLASSPATH=C:\JavaLib\antlr-4.13.2-complete.jar
PATH=E:\Programming\Python installation\;D:\Program\Common\VMWare\bin\;C:\Program Files\Common Files\Oracle\Java\javapath;C:\WINDOWS\system32;C:\WINDOWS;C:\WINDOWS\System32\Wbem;C:\WINDOWS\System32\WindowsPowerShell\v1.0\;C:\WINDOWS\System32\OpenSSH\;C:\Program Files (x86)\Windows Kits\10\Windows Performance Toolkit\;C:\Program Files\Git\cmd;C:\Program Files\CMake\bin;C:\Program Files\MySQL\MySQL Server 8.0\bin;C:\ProgramData\chocolatey\bin;C:\tools\gsudo\Current;E:\Programming\Python installation\Scripts\;C:\Program Files\dotnet\;C:\Program Files\MySQL\MySQL Shell 8.0\bin\;C:\Users\asus\AppData\Local\Microsoft\WindowsApps;E:\Programming\C installation\CLion 2022.2\bin;;E:\Programming\Java installation\JDK\bin;C:\Users\asus\AppData\Local\Programs\Microsoft VS Code\bin;E:\Programming\C installation\CLion 2022.2\bin\mingw\bin;C:\Users\asus\Desktop\WinAFL\Test 3\winaflfast\bin64;C:\JavaLib\antlr-4.13.2-complete.jar;C:\JavaLib\;C:\Program Files (x86)\Nmap;C:\Users\asus\.dotnet\tools
USERNAME=asus
OS=Windows_NT
PROCESSOR_IDENTIFIER=Intel64 Family 6 Model 154 Stepping 3, GenuineIntel
TMP=C:\Users\asus\AppData\Local\Temp
TEMP=C:\Users\asus\AppData\Local\Temp




Periodic native trim disabled

JNI global refs:
JNI global refs: 36, weak refs: 5

JNI global refs memory usage: 835, weak refs: 833

Process memory usage:
Resident Set Size: 360644K (4% of 8071936K total physical memory with 969188K free physical memory)

OOME stack traces (most recent first):
Classloader memory used:
Loader org.gradle.internal.classloader.VisitableURLClassLoader                         : 29637K
Loader bootstrap                                                                       : 22813K
Loader org.gradle.initialization.MixInLegacyTypesClassLoader                           : 8700K
Loader jdk.internal.loader.ClassLoaders$PlatformClassLoader                            : 503K
Loader jdk.internal.loader.ClassLoaders$AppClassLoader                                 : 230K
Loader org.gradle.groovy.scripts.internal.DefaultScriptCompilationHandler$ScriptClassLoader: 229K
Loader org.gradle.internal.classloader.VisitableURLClassLoader$InstrumentingVisitableURLClassLoader: 62464B
Loader jdk.internal.reflect.DelegatingClassLoader                                      : 42784B
Loader org.gradle.internal.classloader.VisitableURLClassLoader                         : 32704B
Loader org.codehaus.groovy.runtime.callsite.CallSiteClassLoader                        : 23224B


[error occurred during error reporting (Classloader stats), id 0xe0000001, Out of Memory Error (s\src\hotspot\share\memory\arena.cpp:168)]
---------------  S Y S T E M  ---------------

OS:
 Windows 11 , 64 bit Build 26100 (10.0.26100.8521)
OS uptime: 0 days 2:39 hours
Hyper-V role detected

CPU: total 16 (initial active 16) (8 cores per cpu, 2 threads per core) family 6 model 154 stepping 3 microcode 0x419, cx8, cmov, fxsr, ht, mmx, 3dnowpref, sse, sse2, sse3, ssse3, sse4.1, sse4.2, popcnt, lzcnt, tsc, tscinvbit, avx, avx2, aes, erms, clmul, bmi1, bmi2, adx, sha, fma, vzeroupper, clflush, clflushopt, clwb, hv, serialize, rdtscp, rdpid, fsrm, f16c, cet_ibt, cet_ss
Processor Information for processor 0
  Max Mhz: 2500, Current Mhz: 2500, Mhz Limit: 2500
Processor Information for processor 1
  Max Mhz: 2500, Current Mhz: 2500, Mhz Limit: 2500
Processor Information for processor 2
  Max Mhz: 2500, Current Mhz: 2500, Mhz Limit: 2500
Processor Information for processor 3
  Max Mhz: 2500, Current Mhz: 2500, Mhz Limit: 2500
Processor Information for processor 4
  Max Mhz: 2500, Current Mhz: 2500, Mhz Limit: 2500
Processor Information for processor 5
  Max Mhz: 2500, Current Mhz: 2500, Mhz Limit: 2500
Processor Information for processor 6
  Max Mhz: 2500, Current Mhz: 1532, Mhz Limit: 2500
Processor Information for processor 7
  Max Mhz: 2500, Current Mhz: 2500, Mhz Limit: 2500
Processor Information for processor 8
  Max Mhz: 2500, Current Mhz: 1800, Mhz Limit: 1800
Processor Information for processor 9
  Max Mhz: 2500, Current Mhz: 1800, Mhz Limit: 1800
Processor Information for processor 10
  Max Mhz: 2500, Current Mhz: 1800, Mhz Limit: 1800
Processor Information for processor 11
  Max Mhz: 2500, Current Mhz: 1800, Mhz Limit: 1800
Processor Information for processor 12
  Max Mhz: 2500, Current Mhz: 1800, Mhz Limit: 1800
Processor Information for processor 13
  Max Mhz: 2500, Current Mhz: 1800, Mhz Limit: 1800
Processor Information for processor 14
  Max Mhz: 2500, Current Mhz: 1800, Mhz Limit: 1800
Processor Information for processor 15
  Max Mhz: 2500, Current Mhz: 1800, Mhz Limit: 1800

Memory: 4k page, system-wide physical 7882M (946M free)
TotalPageFile size 13300M (AvailPageFile size 1M)
current process WorkingSet (physical memory assigned to process): 352M, peak: 352M
current process commit charge ("private bytes"): 398M, peak: 399M

vm_info: OpenJDK 64-Bit Server VM (21.0.9+-14787801-b1163.94) for windows-amd64 JRE (21.0.9+-14787801-b1163.94), built on 2026-01-27T21:15:44Z by "builder" with MS VC++ 16.10 / 16.11 (VS2019)

END.
