#
# There is insufficient memory for the Java Runtime Environment to continue.
# Native memory allocation (malloc) failed to allocate 1151296 bytes. Error detail: Chunk::new
# Possible reasons:
#   The system is out of physical RAM or swap space
#   This process is running with CompressedOops enabled, and the Java Heap may be blocking the growth of the native heap
# Possible solutions:
#   Reduce memory load on the system
#   Increase physical memory or swap space
#   Check if swap backing store is full
#   Decrease Java heap size (-Xmx/-Xms)
#   Decrease number of Java threads
#   Decrease Java thread stack sizes (-Xss)
#   Set larger code cache with -XX:ReservedCodeCacheSize=
#   JVM is running with Unscaled Compressed Oops mode in which the Java heap is
#     placed in the first 4GB address space. The Java Heap base address is the
#     maximum limit for the native heap growth. Please use -XX:HeapBaseMinAddress
#     to set the Java Heap base and to place the Java Heap above 4GB virtual address.
# This output file may be truncated or incomplete.
#
#  Out of Memory Error (arena.cpp:168), pid=19412, tid=13404
#
# JRE version: OpenJDK Runtime Environment (21.0.9) (build 21.0.9+-14787801-b1163.94)
# Java VM: OpenJDK 64-Bit Server VM (21.0.9+-14787801-b1163.94, mixed mode, tiered, compressed oops, compressed class ptrs, g1 gc, windows-amd64)
# No core dump will be written. Minidumps are not enabled by default on client versions of Windows
#

---------------  S U M M A R Y ------------

Command Line: --add-opens=java.base/java.util=ALL-UNNAMED --add-opens=java.base/java.lang=ALL-UNNAMED --add-opens=java.base/java.lang.invoke=ALL-UNNAMED --add-opens=java.prefs/java.util.prefs=ALL-UNNAMED --add-opens=java.base/java.nio.charset=ALL-UNNAMED --add-opens=java.base/java.net=ALL-UNNAMED --add-opens=java.base/java.util.concurrent.atomic=ALL-UNNAMED -Xmx2048m -Dfile.encoding=UTF-8 -Duser.country=US -Duser.language=en -Duser.variant -javaagent:C:\Users\asus\.gradle\wrapper\dists\gradle-8.6-bin\afr5mpiioh2wthjmwnkmdsd5w\gradle-8.6\lib\agents\gradle-instrumentation-agent-8.6.jar org.gradle.launcher.daemon.bootstrap.GradleDaemon 8.6

Host: 12th Gen Intel(R) Core(TM) i5-12500H, 16 cores, 7G,  Windows 11 , 64 bit Build 26100 (10.0.26100.8521)
Time: Thu Jul 23 14:29:20 2026 Iran Standard Time elapsed time: 7.592952 seconds (0d 0h 0m 7s)

---------------  T H R E A D  ---------------

Current thread (0x00000270f53a3bd0):  JavaThread "C2 CompilerThread1" daemon [_thread_in_native, id=13404, stack(0x0000007a8f100000,0x0000007a8f200000) (1024K)]


Current CompileTask:
C2:7593 8390       4       java.beans.Introspector::addMethod (241 bytes)

Stack: [0x0000007a8f100000,0x0000007a8f200000]
Native frames: (J=compiled Java code, j=interpreted, Vv=VM code, C=native code)
V  [jvm.dll+0x6d6c99]
V  [jvm.dll+0x866b83]
V  [jvm.dll+0x8691ae]
V  [jvm.dll+0x869893]
V  [jvm.dll+0x280776]
V  [jvm.dll+0xc07cd]
V  [jvm.dll+0xc0d03]
V  [jvm.dll+0x2f5a10]
V  [jvm.dll+0x5ff9a9]
V  [jvm.dll+0x252572]
V  [jvm.dll+0x25292f]
V  [jvm.dll+0x24b0d5]
V  [jvm.dll+0x24892e]
V  [jvm.dll+0x1c7344]
V  [jvm.dll+0x2581ae]
V  [jvm.dll+0x2566f6]
V  [jvm.dll+0x3f48a6]
V  [jvm.dll+0x80f118]
V  [jvm.dll+0x6d54ed]
C  [ucrtbase.dll+0x2cd30]
C  [KERNEL32.DLL+0x2e957]
C  [ntdll.dll+0x87c1c]


---------------  P R O C E S S  ---------------

Threads class SMR info:
_java_thread_list=0x00000270f78e75a0, length=77, elements={
0x00000270d868e5b0, 0x00000270f0a48e30, 0x00000270f0a721e0, 0x00000270f0a9a290,
0x00000270f0a9b6d0, 0x00000270f0a9bd40, 0x00000270f0a9dbe0, 0x00000270f0a89940,
0x00000270f0a9f0f0, 0x00000270f0aa1a70, 0x00000270f0c360e0, 0x00000270f0c36ba0,
0x00000270f505b830, 0x00000270f53a3500, 0x00000270f6d38460, 0x00000270f74d6f50,
0x00000270f74d1f30, 0x00000270f6021200, 0x00000270f6021870, 0x00000270f71db1e0,
0x00000270f70d8d70, 0x00000270f601e5f0, 0x00000270f601f9a0, 0x00000270f6020030,
0x00000270f601df60, 0x00000270f601f310, 0x00000270f60206c0, 0x00000270f601d8d0,
0x00000270f8339000, 0x00000270f83375c0, 0x00000270f8338970, 0x00000270f8337c50,
0x00000270f8336210, 0x00000270f8335b80, 0x00000270f83368a0, 0x00000270f8339d20,
0x00000270f833aa40, 0x00000270f833cb10, 0x00000270f833bdf0, 0x00000270f833b760,
0x00000270f833b0d0, 0x00000270f833c480, 0x00000270f53a3bd0, 0x00000270f60f6c90,
0x00000270f60f5f70, 0x00000270f60f6600, 0x00000270f60f3810, 0x00000270f60f3ea0,
0x00000270f53a42a0, 0x00000270f60f7320, 0x00000270f60f4bc0, 0x00000270f60f79b0,
0x00000270f60f4530, 0x00000270f60f5250, 0x00000270f60f58e0, 0x00000270f60f8d60,
0x00000270f60f86d0, 0x00000270f53a2760, 0x00000270fc1e69b0, 0x00000270fc1e4f70,
0x00000270fc1e48e0, 0x00000270fc1e5c90, 0x00000270fc1e3530, 0x00000270fc1e7040,
0x00000270fc1e6320, 0x00000270fc1e76d0, 0x00000270fc1e7d60, 0x00000270fc1e83f0,
0x00000270fc1e8a80, 0x00000270fc1e5600, 0x00000270fc1e9110, 0x00000270fc1e9e30,
0x00000270fc1e97a0, 0x00000270fc1ea4c0, 0x00000270fc1eab50, 0x00000270f57e2490,
0x00000270f57df6a0
}

Java Threads: ( => current thread )
  0x00000270d868e5b0 JavaThread "main"                              [_thread_blocked, id=7788, stack(0x0000007a8b200000,0x0000007a8b300000) (1024K)]
  0x00000270f0a48e30 JavaThread "Common-Cleaner"             daemon [_thread_blocked, id=2400, stack(0x0000007a8ba00000,0x0000007a8bb00000) (1024K)]
  0x00000270f0a721e0 JavaThread "Reference Handler"          daemon [_thread_blocked, id=17836, stack(0x0000007a8bb00000,0x0000007a8bc00000) (1024K)]
  0x00000270f0a9a290 JavaThread "Finalizer"                  daemon [_thread_blocked, id=2844, stack(0x0000007a8bc00000,0x0000007a8bd00000) (1024K)]
  0x00000270f0a9b6d0 JavaThread "Signal Dispatcher"          daemon [_thread_blocked, id=6024, stack(0x0000007a8bd00000,0x0000007a8be00000) (1024K)]
  0x00000270f0a9bd40 JavaThread "Attach Listener"            daemon [_thread_blocked, id=17228, stack(0x0000007a8be00000,0x0000007a8bf00000) (1024K)]
  0x00000270f0a9dbe0 JavaThread "Service Thread"             daemon [_thread_blocked, id=5728, stack(0x0000007a8bf00000,0x0000007a8c000000) (1024K)]
  0x00000270f0a89940 JavaThread "Monitor Deflation Thread"   daemon [_thread_blocked, id=6216, stack(0x0000007a8c000000,0x0000007a8c100000) (1024K)]
  0x00000270f0a9f0f0 JavaThread "C2 CompilerThread0"         daemon [_thread_in_native, id=2288, stack(0x0000007a8c100000,0x0000007a8c200000) (1024K)]
  0x00000270f0aa1a70 JavaThread "C1 CompilerThread0"         daemon [_thread_blocked, id=11568, stack(0x0000007a8c200000,0x0000007a8c300000) (1024K)]
  0x00000270f0c360e0 JavaThread "C1 CompilerThread1"         daemon [_thread_blocked, id=6388, stack(0x0000007a8c300000,0x0000007a8c400000) (1024K)]
  0x00000270f0c36ba0 JavaThread "C1 CompilerThread2"         daemon [_thread_blocked, id=10052, stack(0x0000007a8c400000,0x0000007a8c500000) (1024K)]
  0x00000270f505b830 JavaThread "Notification Thread"        daemon [_thread_blocked, id=2856, stack(0x0000007a8c500000,0x0000007a8c600000) (1024K)]
  0x00000270f53a3500 JavaThread "C1 CompilerThread3"         daemon [_thread_blocked, id=8200, stack(0x0000007a8c900000,0x0000007a8ca00000) (1024K)]
  0x00000270f6d38460 JavaThread "Daemon health stats"               [_thread_blocked, id=8348, stack(0x0000007a8c700000,0x0000007a8c800000) (1024K)]
  0x00000270f74d6f50 JavaThread "Incoming local TCP Connector on port 56766"        [_thread_in_native, id=4476, stack(0x0000007a8ce00000,0x0000007a8cf00000) (1024K)]
  0x00000270f74d1f30 JavaThread "Daemon periodic checks"            [_thread_blocked, id=3596, stack(0x0000007a8cf00000,0x0000007a8d000000) (1024K)]
  0x00000270f6021200 JavaThread "Daemon"                            [_thread_blocked, id=16544, stack(0x0000007a8d000000,0x0000007a8d100000) (1024K)]
  0x00000270f6021870 JavaThread "Handler for socket connection from /127.0.0.1:56766 to /127.0.0.1:56767"        [_thread_in_native, id=17008, stack(0x0000007a8d100000,0x0000007a8d200000) (1024K)]
  0x00000270f71db1e0 JavaThread "Cancel handler"                    [_thread_blocked, id=14372, stack(0x0000007a8d200000,0x0000007a8d300000) (1024K)]
  0x00000270f70d8d70 JavaThread "Daemon worker"                     [_thread_in_native, id=16916, stack(0x0000007a8d300000,0x0000007a8d400000) (1024K)]
  0x00000270f601e5f0 JavaThread "Asynchronous log dispatcher for DefaultDaemonConnection: socket connection from /127.0.0.1:56766 to /127.0.0.1:56767"        [_thread_blocked, id=16532, stack(0x0000007a8d400000,0x0000007a8d500000) (1024K)]
  0x00000270f601f9a0 JavaThread "Stdin handler"                     [_thread_blocked, id=3848, stack(0x0000007a8d500000,0x0000007a8d600000) (1024K)]
  0x00000270f6020030 JavaThread "Daemon client event forwarder"        [_thread_blocked, id=16868, stack(0x0000007a8d600000,0x0000007a8d700000) (1024K)]
  0x00000270f601df60 JavaThread "Cache worker for journal cache (C:\Users\asus\.gradle\caches\journal-1)"        [_thread_blocked, id=12800, stack(0x0000007a8e100000,0x0000007a8e200000) (1024K)]
  0x00000270f601f310 JavaThread "File lock request listener"        [_thread_in_native, id=17920, stack(0x0000007a8e200000,0x0000007a8e300000) (1024K)]
  0x00000270f60206c0 JavaThread "Cache worker for file hash cache (C:\Users\asus\.gradle\caches\8.6\fileHashes)"        [_thread_blocked, id=11236, stack(0x0000007a8e300000,0x0000007a8e400000) (1024K)]
  0x00000270f601d8d0 JavaThread "File watcher server"        daemon [_thread_in_native, id=18760, stack(0x0000007a8e400000,0x0000007a8e500000) (1024K)]
  0x00000270f8339000 JavaThread "File watcher consumer"      daemon [_thread_blocked, id=6516, stack(0x0000007a8e500000,0x0000007a8e600000) (1024K)]
  0x00000270f83375c0 JavaThread "Cache worker for checksums cache (E:\Amir_Gonde\Term_8\Mobile\MyProjects\melodify-music-app\.gradle\8.6\checksums)"        [_thread_blocked, id=1436, stack(0x0000007a8e600000,0x0000007a8e700000) (1024K)]
  0x00000270f8338970 JavaThread "Cache worker for file hash cache (E:\Amir_Gonde\Term_8\Mobile\MyProjects\melodify-music-app\.gradle\8.6\fileHashes)"        [_thread_blocked, id=2312, stack(0x0000007a8c800000,0x0000007a8c900000) (1024K)]
  0x00000270f8337c50 JavaThread "Cache worker for cache directory md-supplier (C:\Users\asus\.gradle\caches\8.6\md-supplier)"        [_thread_blocked, id=11300, stack(0x0000007a8e700000,0x0000007a8e800000) (1024K)]
  0x00000270f8336210 JavaThread "Cache worker for cache directory md-rule (C:\Users\asus\.gradle\caches\8.6\md-rule)"        [_thread_blocked, id=2704, stack(0x0000007a8e800000,0x0000007a8e900000) (1024K)]
  0x00000270f8335b80 JavaThread "Cache worker for file content cache (C:\Users\asus\.gradle\caches\8.6\fileContent)"        [_thread_blocked, id=5512, stack(0x0000007a8e900000,0x0000007a8ea00000) (1024K)]
  0x00000270f83368a0 JavaThread "jar transforms"                    [_thread_blocked, id=14832, stack(0x0000007a8ea00000,0x0000007a8eb00000) (1024K)]
  0x00000270f8339d20 JavaThread "jar transforms Thread 2"           [_thread_blocked, id=12192, stack(0x0000007a8eb00000,0x0000007a8ec00000) (1024K)]
  0x00000270f833aa40 JavaThread "jar transforms Thread 3"           [_thread_blocked, id=18052, stack(0x0000007a8ef00000,0x0000007a8f000000) (1024K)]
  0x00000270f833cb10 JavaThread "Unconstrained build operations"        [_thread_blocked, id=11624, stack(0x0000007a8c600000,0x0000007a8c700000) (1024K)]
  0x00000270f833bdf0 JavaThread "Unconstrained build operations Thread 2"        [_thread_blocked, id=13744, stack(0x0000007a8ec00000,0x0000007a8ed00000) (1024K)]
  0x00000270f833b760 JavaThread "Unconstrained build operations Thread 3"        [_thread_blocked, id=11212, stack(0x0000007a8ed00000,0x0000007a8ee00000) (1024K)]
  0x00000270f833b0d0 JavaThread "Unconstrained build operations Thread 4"        [_thread_blocked, id=13032, stack(0x0000007a8ee00000,0x0000007a8ef00000) (1024K)]
  0x00000270f833c480 JavaThread "Unconstrained build operations Thread 5"        [_thread_blocked, id=12788, stack(0x0000007a8f000000,0x0000007a8f100000) (1024K)]
=>0x00000270f53a3bd0 JavaThread "C2 CompilerThread1"         daemon [_thread_in_native, id=13404, stack(0x0000007a8f100000,0x0000007a8f200000) (1024K)]
  0x00000270f60f6c90 JavaThread "Unconstrained build operations Thread 6"        [_thread_blocked, id=3960, stack(0x0000007a8f200000,0x0000007a8f300000) (1024K)]
  0x00000270f60f5f70 JavaThread "Unconstrained build operations Thread 7"        [_thread_blocked, id=4568, stack(0x0000007a8f300000,0x0000007a8f400000) (1024K)]
  0x00000270f60f6600 JavaThread "Unconstrained build operations Thread 8"        [_thread_blocked, id=6004, stack(0x0000007a8f400000,0x0000007a8f500000) (1024K)]
  0x00000270f60f3810 JavaThread "Unconstrained build operations Thread 9"        [_thread_blocked, id=9000, stack(0x0000007a8f500000,0x0000007a8f600000) (1024K)]
  0x00000270f60f3ea0 JavaThread "Unconstrained build operations Thread 10"        [_thread_blocked, id=16420, stack(0x0000007a8f600000,0x0000007a8f700000) (1024K)]
  0x00000270f53a42a0 JavaThread "C2 CompilerThread2"         daemon [_thread_in_native, id=17944, stack(0x0000007a8f700000,0x0000007a8f800000) (1024K)]
  0x00000270f60f7320 JavaThread "jar transforms Thread 4"           [_thread_blocked, id=7952, stack(0x0000007a8f800000,0x0000007a8f900000) (1024K)]
  0x00000270f60f4bc0 JavaThread "jar transforms Thread 5"           [_thread_blocked, id=15680, stack(0x0000007a8f900000,0x0000007a8fa00000) (1024K)]
  0x00000270f60f79b0 JavaThread "jar transforms Thread 6"           [_thread_blocked, id=14712, stack(0x0000007a8fa00000,0x0000007a8fb00000) (1024K)]
  0x00000270f60f4530 JavaThread "jar transforms Thread 7"           [_thread_blocked, id=4136, stack(0x0000007a8fb00000,0x0000007a8fc00000) (1024K)]
  0x00000270f60f5250 JavaThread "jar transforms Thread 8"           [_thread_blocked, id=5452, stack(0x0000007a8fc00000,0x0000007a8fd00000) (1024K)]
  0x00000270f60f58e0 JavaThread "jar transforms Thread 9"           [_thread_blocked, id=4552, stack(0x0000007a8fd00000,0x0000007a8fe00000) (1024K)]
  0x00000270f60f8d60 JavaThread "Unconstrained build operations Thread 11"        [_thread_blocked, id=1720, stack(0x0000007a8fe00000,0x0000007a8ff00000) (1024K)]
  0x00000270f60f86d0 JavaThread "jar transforms Thread 10"          [_thread_blocked, id=14596, stack(0x0000007a8ff00000,0x0000007a90000000) (1024K)]
  0x00000270f53a2760 JavaThread "C2 CompilerThread3"         daemon [_thread_in_native, id=6548, stack(0x0000007a90000000,0x0000007a90100000) (1024K)]
  0x00000270fc1e69b0 JavaThread "jar transforms Thread 11"          [_thread_blocked, id=2348, stack(0x0000007a90100000,0x0000007a90200000) (1024K)]
  0x00000270fc1e4f70 JavaThread "Cache worker for Build Output Cleanup Cache (E:\Amir_Gonde\Term_8\Mobile\MyProjects\melodify-music-app\.gradle\buildOutputCleanup)"        [_thread_blocked, id=1128, stack(0x0000007a90200000,0x0000007a90300000) (1024K)]
  0x00000270fc1e48e0 JavaThread "Unconstrained build operations Thread 12"        [_thread_blocked, id=15376, stack(0x0000007a90300000,0x0000007a90400000) (1024K)]
  0x00000270fc1e5c90 JavaThread "Unconstrained build operations Thread 13"        [_thread_blocked, id=7096, stack(0x0000007a90400000,0x0000007a90500000) (1024K)]
  0x00000270fc1e3530 JavaThread "Unconstrained build operations Thread 14"        [_thread_blocked, id=3604, stack(0x0000007a90500000,0x0000007a90600000) (1024K)]
  0x00000270fc1e7040 JavaThread "Unconstrained build operations Thread 15"        [_thread_blocked, id=18136, stack(0x0000007a90600000,0x0000007a90700000) (1024K)]
  0x00000270fc1e6320 JavaThread "Unconstrained build operations Thread 16"        [_thread_blocked, id=12780, stack(0x0000007a90700000,0x0000007a90800000) (1024K)]
  0x00000270fc1e76d0 JavaThread "Unconstrained build operations Thread 17"        [_thread_blocked, id=16788, stack(0x0000007a90800000,0x0000007a90900000) (1024K)]
  0x00000270fc1e7d60 JavaThread "Unconstrained build operations Thread 18"        [_thread_blocked, id=6132, stack(0x0000007a90900000,0x0000007a90a00000) (1024K)]
  0x00000270fc1e83f0 JavaThread "Unconstrained build operations Thread 19"        [_thread_blocked, id=10480, stack(0x0000007a90a00000,0x0000007a90b00000) (1024K)]
  0x00000270fc1e8a80 JavaThread "Unconstrained build operations Thread 20"        [_thread_blocked, id=16988, stack(0x0000007a90b00000,0x0000007a90c00000) (1024K)]
  0x00000270fc1e5600 JavaThread "Unconstrained build operations Thread 21"        [_thread_blocked, id=10412, stack(0x0000007a90c00000,0x0000007a90d00000) (1024K)]
  0x00000270fc1e9110 JavaThread "Unconstrained build operations Thread 22"        [_thread_blocked, id=7260, stack(0x0000007a90d00000,0x0000007a90e00000) (1024K)]
  0x00000270fc1e9e30 JavaThread "Unconstrained build operations Thread 23"        [_thread_blocked, id=7516, stack(0x0000007a90e00000,0x0000007a90f00000) (1024K)]
  0x00000270fc1e97a0 JavaThread "Unconstrained build operations Thread 24"        [_thread_blocked, id=12572, stack(0x0000007a90f00000,0x0000007a91000000) (1024K)]
  0x00000270fc1ea4c0 JavaThread "Unconstrained build operations Thread 25"        [_thread_blocked, id=6452, stack(0x0000007a91000000,0x0000007a91100000) (1024K)]
  0x00000270fc1eab50 JavaThread "Unconstrained build operations Thread 26"        [_thread_blocked, id=4368, stack(0x0000007a91100000,0x0000007a91200000) (1024K)]
  0x00000270f57e2490 JavaThread "jar transforms Thread 12"          [_thread_blocked, id=7040, stack(0x0000007a91200000,0x0000007a91300000) (1024K)]
  0x00000270f57df6a0 JavaThread "jar transforms Thread 13"          [_thread_blocked, id=12328, stack(0x0000007a91300000,0x0000007a91400000) (1024K)]
Total: 77

Other Threads:
  0x00000270f0877960 VMThread "VM Thread"                           [id=9388, stack(0x0000007a8b900000,0x0000007a8ba00000) (1024K)]
  0x00000270f0811d30 WatcherThread "VM Periodic Task Thread"        [id=16952, stack(0x0000007a8b800000,0x0000007a8b900000) (1024K)]
  0x00000270d86e7800 WorkerThread "GC Thread#0"                     [id=5356, stack(0x0000007a8b300000,0x0000007a8b400000) (1024K)]
  0x00000270f5471c40 WorkerThread "GC Thread#1"                     [id=14140, stack(0x0000007a8ca00000,0x0000007a8cb00000) (1024K)]
  0x00000270f5899b90 WorkerThread "GC Thread#2"                     [id=5564, stack(0x0000007a8cb00000,0x0000007a8cc00000) (1024K)]
  0x00000270f54738a0 WorkerThread "GC Thread#3"                     [id=7380, stack(0x0000007a8cc00000,0x0000007a8cd00000) (1024K)]
  0x00000270f5db3080 WorkerThread "GC Thread#4"                     [id=10880, stack(0x0000007a8cd00000,0x0000007a8ce00000) (1024K)]
  0x00000270f6c128c0 WorkerThread "GC Thread#5"                     [id=14780, stack(0x0000007a8d700000,0x0000007a8d800000) (1024K)]
  0x00000270f723c2f0 WorkerThread "GC Thread#6"                     [id=12596, stack(0x0000007a8d800000,0x0000007a8d900000) (1024K)]
  0x00000270f723c690 WorkerThread "GC Thread#7"                     [id=12072, stack(0x0000007a8d900000,0x0000007a8da00000) (1024K)]
  0x00000270f5d0d280 WorkerThread "GC Thread#8"                     [id=13784, stack(0x0000007a8da00000,0x0000007a8db00000) (1024K)]
  0x00000270f5d0d9c0 WorkerThread "GC Thread#9"                     [id=18328, stack(0x0000007a8db00000,0x0000007a8dc00000) (1024K)]
  0x00000270f5d0c7a0 WorkerThread "GC Thread#10"                    [id=8544, stack(0x0000007a8dc00000,0x0000007a8dd00000) (1024K)]
  0x00000270f5d0d620 WorkerThread "GC Thread#11"                    [id=11148, stack(0x0000007a8dd00000,0x0000007a8de00000) (1024K)]
  0x00000270f5d0cee0 WorkerThread "GC Thread#12"                    [id=13620, stack(0x0000007a8de00000,0x0000007a8df00000) (1024K)]
  0x00000270d86f8850 ConcurrentGCThread "G1 Main Marker"            [id=7828, stack(0x0000007a8b400000,0x0000007a8b500000) (1024K)]
  0x00000270d86fadf0 WorkerThread "G1 Conc#0"                       [id=16836, stack(0x0000007a8b500000,0x0000007a8b600000) (1024K)]
  0x00000270f5d0c400 WorkerThread "G1 Conc#1"                       [id=13368, stack(0x0000007a8df00000,0x0000007a8e000000) (1024K)]
  0x00000270f5d0c060 WorkerThread "G1 Conc#2"                       [id=13164, stack(0x0000007a8e000000,0x0000007a8e100000) (1024K)]
  0x00000270f06e3250 ConcurrentGCThread "G1 Refine#0"               [id=11164, stack(0x0000007a8b600000,0x0000007a8b700000) (1024K)]
  0x00000270f06e3680 ConcurrentGCThread "G1 Service"                [id=13980, stack(0x0000007a8b700000,0x0000007a8b800000) (1024K)]
Total: 21

Threads with active compile tasks:
C2 CompilerThread0  7612 8391       4       sun.reflect.generics.parser.SignatureParser::parseFieldTypeSignature (73 bytes)
C2 CompilerThread1  7612 8390       4       java.beans.Introspector::addMethod (241 bytes)
C2 CompilerThread2  7612 8392       4       sun.reflect.generics.parser.SignatureParser::parsePackageNameAndSimpleClassTypeSignature (119 bytes)
Total: 3

VM state: not at safepoint (normal execution)

VM Mutex/Monitor currently owned by a thread: None

Heap address: 0x0000000080000000, size: 2048 MB, Compressed Oops mode: 32-bit

CDS archive(s) not mapped
Compressed class space mapped at: 0x0000000100000000-0x0000000140000000, reserved size: 1073741824
Narrow klass base: 0x0000000000000000, Narrow klass shift: 3, Narrow klass range: 0x140000000

GC Precious Log:
 CardTable entry size: 512
 Card Set container configuration: InlinePtr #cards 5 size 8 Array Of Cards #cards 12 size 40 Howl #buckets 4 coarsen threshold 1843 Howl Bitmap #cards 512 size 80 coarsen threshold 460 Card regions per heap region 1 cards per card region 2048
 CPUs: 16 total, 16 available
 Memory: 7882M
 Large Page Support: Disabled
 NUMA Support: Disabled
 Compressed Oops: Enabled (32-bit)
 Heap Region Size: 1M
 Heap Min Capacity: 8M
 Heap Initial Capacity: 124M
 Heap Max Capacity: 2G
 Pre-touch: Disabled
 Parallel Workers: 13
 Concurrent Workers: 3
 Concurrent Refinement Workers: 13
 Periodic GC: Disabled

Heap:
 garbage-first heap   total 112640K, used 92712K [0x0000000080000000, 0x0000000100000000)
  region size 1024K, 23 young (23552K), 1 survivors (1024K)
 Metaspace       used 64107K, committed 65792K, reserved 1114112K
  class space    used 8994K, committed 9792K, reserved 1048576K

Heap Regions: E=young(eden), S=young(survivor), O=old, HS=humongous(starts), HC=humongous(continues), CS=collection set, F=free, TAMS=top-at-mark-start, PB=parsable bottom
|   0|0x0000000080000000, 0x0000000080100000, 0x0000000080100000|100%| O|  |TAMS 0x0000000080000000| PB 0x0000000080000000| Untracked 
|   1|0x0000000080100000, 0x0000000080200000, 0x0000000080200000|100%| O|  |TAMS 0x0000000080100000| PB 0x0000000080100000| Untracked 
|   2|0x0000000080200000, 0x0000000080300000, 0x0000000080300000|100%|HS|  |TAMS 0x0000000080200000| PB 0x0000000080200000| Complete 
|   3|0x0000000080300000, 0x0000000080400000, 0x0000000080400000|100%|HC|  |TAMS 0x0000000080300000| PB 0x0000000080300000| Complete 
|   4|0x0000000080400000, 0x0000000080500000, 0x0000000080500000|100%|HC|  |TAMS 0x0000000080400000| PB 0x0000000080400000| Complete 
|   5|0x0000000080500000, 0x0000000080600000, 0x0000000080600000|100%|HC|  |TAMS 0x0000000080500000| PB 0x0000000080500000| Complete 
|   6|0x0000000080600000, 0x0000000080700000, 0x0000000080700000|100%| O|  |TAMS 0x0000000080600000| PB 0x0000000080600000| Untracked 
|   7|0x0000000080700000, 0x0000000080800000, 0x0000000080800000|100%| O|  |TAMS 0x0000000080700000| PB 0x0000000080700000| Untracked 
|   8|0x0000000080800000, 0x0000000080900000, 0x0000000080900000|100%| O|  |TAMS 0x0000000080800000| PB 0x0000000080800000| Untracked 
|   9|0x0000000080900000, 0x0000000080a00000, 0x0000000080a00000|100%| O|  |TAMS 0x0000000080900000| PB 0x0000000080900000| Untracked 
|  10|0x0000000080a00000, 0x0000000080b00000, 0x0000000080b00000|100%| O|  |TAMS 0x0000000080a00000| PB 0x0000000080a00000| Untracked 
|  11|0x0000000080b00000, 0x0000000080c00000, 0x0000000080c00000|100%| O|  |TAMS 0x0000000080b00000| PB 0x0000000080b00000| Untracked 
|  12|0x0000000080c00000, 0x0000000080d00000, 0x0000000080d00000|100%| O|  |TAMS 0x0000000080c00000| PB 0x0000000080c00000| Untracked 
|  13|0x0000000080d00000, 0x0000000080e00000, 0x0000000080e00000|100%| O|  |TAMS 0x0000000080d00000| PB 0x0000000080d00000| Untracked 
|  14|0x0000000080e00000, 0x0000000080f00000, 0x0000000080f00000|100%| O|  |TAMS 0x0000000080e00000| PB 0x0000000080e00000| Untracked 
|  15|0x0000000080f00000, 0x0000000081000000, 0x0000000081000000|100%| O|  |TAMS 0x0000000080f00000| PB 0x0000000080f00000| Untracked 
|  16|0x0000000081000000, 0x0000000081100000, 0x0000000081100000|100%|HS|  |TAMS 0x0000000081000000| PB 0x0000000081000000| Complete 
|  17|0x0000000081100000, 0x0000000081200000, 0x0000000081200000|100%|HC|  |TAMS 0x0000000081100000| PB 0x0000000081100000| Complete 
|  18|0x0000000081200000, 0x0000000081300000, 0x0000000081300000|100%| O|Cm|TAMS 0x0000000081200000| PB 0x0000000081200000| Complete 
|  19|0x0000000081300000, 0x0000000081400000, 0x0000000081400000|100%| O|  |TAMS 0x0000000081300000| PB 0x0000000081300000| Untracked 
|  20|0x0000000081400000, 0x0000000081500000, 0x0000000081500000|100%| O|  |TAMS 0x0000000081400000| PB 0x0000000081400000| Untracked 
|  21|0x0000000081500000, 0x0000000081600000, 0x0000000081600000|100%| O|  |TAMS 0x0000000081500000| PB 0x0000000081500000| Untracked 
|  22|0x0000000081600000, 0x0000000081700000, 0x0000000081700000|100%| O|  |TAMS 0x0000000081600000| PB 0x0000000081600000| Untracked 
|  23|0x0000000081700000, 0x0000000081800000, 0x0000000081800000|100%| O|  |TAMS 0x0000000081700000| PB 0x0000000081700000| Untracked 
|  24|0x0000000081800000, 0x0000000081900000, 0x0000000081900000|100%| O|  |TAMS 0x0000000081800000| PB 0x0000000081800000| Untracked 
|  25|0x0000000081900000, 0x0000000081a00000, 0x0000000081a00000|100%| O|  |TAMS 0x0000000081900000| PB 0x0000000081900000| Untracked 
|  26|0x0000000081a00000, 0x0000000081b00000, 0x0000000081b00000|100%| O|  |TAMS 0x0000000081a00000| PB 0x0000000081a00000| Untracked 
|  27|0x0000000081b00000, 0x0000000081c00000, 0x0000000081c00000|100%| O|  |TAMS 0x0000000081b00000| PB 0x0000000081b00000| Untracked 
|  28|0x0000000081c00000, 0x0000000081d00000, 0x0000000081d00000|100%| O|  |TAMS 0x0000000081c00000| PB 0x0000000081c00000| Untracked 
|  29|0x0000000081d00000, 0x0000000081e00000, 0x0000000081e00000|100%| O|  |TAMS 0x0000000081d00000| PB 0x0000000081d00000| Untracked 
|  30|0x0000000081e00000, 0x0000000081f00000, 0x0000000081f00000|100%| O|  |TAMS 0x0000000081e00000| PB 0x0000000081e00000| Untracked 
|  31|0x0000000081f00000, 0x0000000082000000, 0x0000000082000000|100%| O|  |TAMS 0x0000000081f00000| PB 0x0000000081f00000| Untracked 
|  32|0x0000000082000000, 0x0000000082100000, 0x0000000082100000|100%| O|  |TAMS 0x0000000082000000| PB 0x0000000082000000| Untracked 
|  33|0x0000000082100000, 0x0000000082200000, 0x0000000082200000|100%| O|  |TAMS 0x0000000082100000| PB 0x0000000082100000| Untracked 
|  34|0x0000000082200000, 0x0000000082300000, 0x0000000082300000|100%| O|  |TAMS 0x0000000082200000| PB 0x0000000082200000| Untracked 
|  35|0x0000000082300000, 0x0000000082400000, 0x0000000082400000|100%| O|  |TAMS 0x0000000082300000| PB 0x0000000082300000| Untracked 
|  36|0x0000000082400000, 0x0000000082500000, 0x0000000082500000|100%| O|  |TAMS 0x0000000082400000| PB 0x0000000082400000| Untracked 
|  37|0x0000000082500000, 0x0000000082600000, 0x0000000082600000|100%| O|  |TAMS 0x0000000082500000| PB 0x0000000082500000| Untracked 
|  38|0x0000000082600000, 0x0000000082700000, 0x0000000082700000|100%| O|  |TAMS 0x0000000082600000| PB 0x0000000082600000| Untracked 
|  39|0x0000000082700000, 0x0000000082800000, 0x0000000082800000|100%| O|  |TAMS 0x0000000082700000| PB 0x0000000082700000| Untracked 
|  40|0x0000000082800000, 0x0000000082900000, 0x0000000082900000|100%| O|  |TAMS 0x0000000082800000| PB 0x0000000082800000| Untracked 
|  41|0x0000000082900000, 0x0000000082a00000, 0x0000000082a00000|100%| O|  |TAMS 0x0000000082900000| PB 0x0000000082900000| Untracked 
|  42|0x0000000082a00000, 0x0000000082b00000, 0x0000000082b00000|100%| O|  |TAMS 0x0000000082a00000| PB 0x0000000082a00000| Untracked 
|  43|0x0000000082b00000, 0x0000000082c00000, 0x0000000082c00000|100%| O|  |TAMS 0x0000000082b00000| PB 0x0000000082b00000| Untracked 
|  44|0x0000000082c00000, 0x0000000082d00000, 0x0000000082d00000|100%| O|  |TAMS 0x0000000082c00000| PB 0x0000000082c00000| Untracked 
|  45|0x0000000082d00000, 0x0000000082e00000, 0x0000000082e00000|100%|HS|  |TAMS 0x0000000082d00000| PB 0x0000000082d00000| Complete 
|  46|0x0000000082e00000, 0x0000000082f00000, 0x0000000082f00000|100%| O|  |TAMS 0x0000000082e00000| PB 0x0000000082e00000| Untracked 
|  47|0x0000000082f00000, 0x0000000083000000, 0x0000000083000000|100%| O|  |TAMS 0x0000000082f00000| PB 0x0000000082f00000| Untracked 
|  48|0x0000000083000000, 0x000000008309f780, 0x0000000083100000| 62%| O|  |TAMS 0x0000000083000000| PB 0x0000000083000000| Untracked 
|  49|0x0000000083100000, 0x0000000083200000, 0x0000000083200000|100%|HS|  |TAMS 0x0000000083100000| PB 0x0000000083100000| Complete 
|  50|0x0000000083200000, 0x0000000083300000, 0x0000000083300000|100%|HC|  |TAMS 0x0000000083200000| PB 0x0000000083200000| Complete 
|  51|0x0000000083300000, 0x0000000083400000, 0x0000000083400000|100%|HS|  |TAMS 0x0000000083300000| PB 0x0000000083300000| Complete 
|  52|0x0000000083400000, 0x0000000083500000, 0x0000000083500000|100%|HS|  |TAMS 0x0000000083400000| PB 0x0000000083400000| Complete 
|  53|0x0000000083500000, 0x0000000083600000, 0x0000000083600000|100%|HS|  |TAMS 0x0000000083500000| PB 0x0000000083500000| Complete 
|  54|0x0000000083600000, 0x0000000083700000, 0x0000000083700000|100%|HC|  |TAMS 0x0000000083600000| PB 0x0000000083600000| Complete 
|  55|0x0000000083700000, 0x0000000083800000, 0x0000000083800000|100%|HC|  |TAMS 0x0000000083700000| PB 0x0000000083700000| Complete 
|  56|0x0000000083800000, 0x0000000083900000, 0x0000000083900000|100%|HC|  |TAMS 0x0000000083800000| PB 0x0000000083800000| Complete 
|  57|0x0000000083900000, 0x0000000083a00000, 0x0000000083a00000|100%|HS|  |TAMS 0x0000000083900000| PB 0x0000000083900000| Complete 
|  58|0x0000000083a00000, 0x0000000083b00000, 0x0000000083b00000|100%|HS|  |TAMS 0x0000000083a00000| PB 0x0000000083a00000| Complete 
|  59|0x0000000083b00000, 0x0000000083c00000, 0x0000000083c00000|100%|HS|  |TAMS 0x0000000083b00000| PB 0x0000000083b00000| Complete 
|  60|0x0000000083c00000, 0x0000000083d00000, 0x0000000083d00000|100%|HC|  |TAMS 0x0000000083c00000| PB 0x0000000083c00000| Complete 
|  61|0x0000000083d00000, 0x0000000083e00000, 0x0000000083e00000|100%|HS|  |TAMS 0x0000000083d00000| PB 0x0000000083d00000| Complete 
|  62|0x0000000083e00000, 0x0000000083e00000, 0x0000000083f00000|  0%| F|  |TAMS 0x0000000083e00000| PB 0x0000000083e00000| Untracked 
|  63|0x0000000083f00000, 0x0000000083f00000, 0x0000000084000000|  0%| F|  |TAMS 0x0000000083f00000| PB 0x0000000083f00000| Untracked 
|  64|0x0000000084000000, 0x0000000084000000, 0x0000000084100000|  0%| F|  |TAMS 0x0000000084000000| PB 0x0000000084000000| Untracked 
|  65|0x0000000084100000, 0x0000000084100000, 0x0000000084200000|  0%| F|  |TAMS 0x0000000084100000| PB 0x0000000084100000| Untracked 
|  66|0x0000000084200000, 0x0000000084200000, 0x0000000084300000|  0%| F|  |TAMS 0x0000000084200000| PB 0x0000000084200000| Untracked 
|  67|0x0000000084300000, 0x0000000084300000, 0x0000000084400000|  0%| F|  |TAMS 0x0000000084300000| PB 0x0000000084300000| Untracked 
|  68|0x0000000084400000, 0x0000000084400000, 0x0000000084500000|  0%| F|  |TAMS 0x0000000084400000| PB 0x0000000084400000| Untracked 
|  69|0x0000000084500000, 0x0000000084500000, 0x0000000084600000|  0%| F|  |TAMS 0x0000000084500000| PB 0x0000000084500000| Untracked 
|  70|0x0000000084600000, 0x0000000084600000, 0x0000000084700000|  0%| F|  |TAMS 0x0000000084600000| PB 0x0000000084600000| Untracked 
|  71|0x0000000084700000, 0x0000000084700000, 0x0000000084800000|  0%| F|  |TAMS 0x0000000084700000| PB 0x0000000084700000| Untracked 
|  72|0x0000000084800000, 0x0000000084800000, 0x0000000084900000|  0%| F|  |TAMS 0x0000000084800000| PB 0x0000000084800000| Untracked 
|  73|0x0000000084900000, 0x0000000084900000, 0x0000000084a00000|  0%| F|  |TAMS 0x0000000084900000| PB 0x0000000084900000| Untracked 
|  74|0x0000000084a00000, 0x0000000084a00000, 0x0000000084b00000|  0%| F|  |TAMS 0x0000000084a00000| PB 0x0000000084a00000| Untracked 
|  75|0x0000000084b00000, 0x0000000084b00000, 0x0000000084c00000|  0%| F|  |TAMS 0x0000000084b00000| PB 0x0000000084b00000| Untracked 
|  76|0x0000000084c00000, 0x0000000084c00000, 0x0000000084d00000|  0%| F|  |TAMS 0x0000000084c00000| PB 0x0000000084c00000| Untracked 
|  77|0x0000000084d00000, 0x0000000084d00000, 0x0000000084e00000|  0%| F|  |TAMS 0x0000000084d00000| PB 0x0000000084d00000| Untracked 
|  78|0x0000000084e00000, 0x0000000084e00000, 0x0000000084f00000|  0%| F|  |TAMS 0x0000000084e00000| PB 0x0000000084e00000| Untracked 
|  79|0x0000000084f00000, 0x0000000084f00000, 0x0000000085000000|  0%| F|  |TAMS 0x0000000084f00000| PB 0x0000000084f00000| Untracked 
|  80|0x0000000085000000, 0x0000000085080000, 0x0000000085100000| 50%| E|  |TAMS 0x0000000085000000| PB 0x0000000085000000| Complete 
|  81|0x0000000085100000, 0x0000000085200000, 0x0000000085200000|100%| E|CS|TAMS 0x0000000085100000| PB 0x0000000085100000| Complete 
|  82|0x0000000085200000, 0x0000000085300000, 0x0000000085300000|100%| E|CS|TAMS 0x0000000085200000| PB 0x0000000085200000| Complete 
|  83|0x0000000085300000, 0x0000000085400000, 0x0000000085400000|100%| E|CS|TAMS 0x0000000085300000| PB 0x0000000085300000| Complete 
|  84|0x0000000085400000, 0x0000000085500000, 0x0000000085500000|100%| E|CS|TAMS 0x0000000085400000| PB 0x0000000085400000| Complete 
|  85|0x0000000085500000, 0x0000000085600000, 0x0000000085600000|100%| E|CS|TAMS 0x0000000085500000| PB 0x0000000085500000| Complete 
|  86|0x0000000085600000, 0x0000000085700000, 0x0000000085700000|100%| E|CS|TAMS 0x0000000085600000| PB 0x0000000085600000| Complete 
|  87|0x0000000085700000, 0x0000000085800000, 0x0000000085800000|100%| E|CS|TAMS 0x0000000085700000| PB 0x0000000085700000| Complete 
|  88|0x0000000085800000, 0x0000000085900000, 0x0000000085900000|100%| E|CS|TAMS 0x0000000085800000| PB 0x0000000085800000| Complete 
|  89|0x0000000085900000, 0x0000000085a00000, 0x0000000085a00000|100%| E|CS|TAMS 0x0000000085900000| PB 0x0000000085900000| Complete 
|  90|0x0000000085a00000, 0x0000000085b00000, 0x0000000085b00000|100%| E|CS|TAMS 0x0000000085a00000| PB 0x0000000085a00000| Complete 
|  91|0x0000000085b00000, 0x0000000085c00000, 0x0000000085c00000|100%| E|CS|TAMS 0x0000000085b00000| PB 0x0000000085b00000| Complete 
|  92|0x0000000085c00000, 0x0000000085d00000, 0x0000000085d00000|100%| E|CS|TAMS 0x0000000085c00000| PB 0x0000000085c00000| Complete 
|  93|0x0000000085d00000, 0x0000000085e00000, 0x0000000085e00000|100%| E|CS|TAMS 0x0000000085d00000| PB 0x0000000085d00000| Complete 
|  94|0x0000000085e00000, 0x0000000085eeabf0, 0x0000000085f00000| 91%| S|CS|TAMS 0x0000000085e00000| PB 0x0000000085e00000| Complete 
|  95|0x0000000085f00000, 0x0000000086000000, 0x0000000086000000|100%| E|CS|TAMS 0x0000000085f00000| PB 0x0000000085f00000| Complete 
|  96|0x0000000086000000, 0x0000000086100000, 0x0000000086100000|100%| E|CS|TAMS 0x0000000086000000| PB 0x0000000086000000| Complete 
|  97|0x0000000086100000, 0x0000000086200000, 0x0000000086200000|100%| E|CS|TAMS 0x0000000086100000| PB 0x0000000086100000| Complete 
|  98|0x0000000086200000, 0x0000000086300000, 0x0000000086300000|100%| E|CS|TAMS 0x0000000086200000| PB 0x0000000086200000| Complete 
|  99|0x0000000086300000, 0x0000000086400000, 0x0000000086400000|100%| E|CS|TAMS 0x0000000086300000| PB 0x0000000086300000| Complete 
| 100|0x0000000086400000, 0x0000000086500000, 0x0000000086500000|100%| E|CS|TAMS 0x0000000086400000| PB 0x0000000086400000| Complete 
| 101|0x0000000086500000, 0x0000000086600000, 0x0000000086600000|100%| E|CS|TAMS 0x0000000086500000| PB 0x0000000086500000| Complete 
| 123|0x0000000087b00000, 0x0000000087c00000, 0x0000000087c00000|100%| E|CS|TAMS 0x0000000087b00000| PB 0x0000000087b00000| Complete 
|2041|0x00000000ff900000, 0x00000000ffa00000, 0x00000000ffa00000|100%| O|Cm|TAMS 0x00000000ff900000| PB 0x00000000ff900000| Complete 
|2042|0x00000000ffa00000, 0x00000000ffb00000, 0x00000000ffb00000|100%| O|  |TAMS 0x00000000ffa00000| PB 0x00000000ffa00000| Untracked 
|2043|0x00000000ffb00000, 0x00000000ffc00000, 0x00000000ffc00000|100%| O|  |TAMS 0x00000000ffb00000| PB 0x00000000ffb00000| Untracked 
|2044|0x00000000ffc00000, 0x00000000ffd00000, 0x00000000ffd00000|100%| O|  |TAMS 0x00000000ffc00000| PB 0x00000000ffc00000| Untracked 
|2045|0x00000000ffd00000, 0x00000000ffe00000, 0x00000000ffe00000|100%| O|  |TAMS 0x00000000ffd00000| PB 0x00000000ffd00000| Untracked 
|2046|0x00000000ffe00000, 0x00000000fff00000, 0x00000000fff00000|100%| O|  |TAMS 0x00000000ffe00000| PB 0x00000000ffe00000| Untracked 
|2047|0x00000000fff00000, 0x0000000100000000, 0x0000000100000000|100%| O|  |TAMS 0x00000000fff00000| PB 0x00000000fff00000| Untracked 

Card table byte_map: [0x00000270eb4a0000,0x00000270eb8a0000] _byte_map_base: 0x00000270eb0a0000

Marking Bits: (CMBitMap*) 0x00000270d86e7e10
 Bits: [0x00000270eb8a0000, 0x00000270ed8a0000)

Polling page: 0x00000270d6500000

Metaspace:

Usage:
  Non-class:     53.82 MB used.
      Class:      8.78 MB used.
       Both:     62.61 MB used.

Virtual space:
  Non-class space:       64.00 MB reserved,      54.69 MB ( 85%) committed,  1 nodes.
      Class space:        1.00 GB reserved,       9.56 MB ( <1%) committed,  1 nodes.
             Both:        1.06 GB reserved,      64.25 MB (  6%) committed. 

Chunk freelists:
   Non-Class:  9.05 MB
       Class:  6.33 MB
        Both:  15.38 MB

MaxMetaspaceSize: unlimited
CompressedClassSpaceSize: 1.00 GB
Initial GC threshold: 21.00 MB
Current GC threshold: 106.38 MB
CDS: off
 - commit_granule_bytes: 65536.
 - commit_granule_words: 8192.
 - virtual_space_node_default_size: 8388608.
 - enlarge_chunks_in_place: 1.
 - use_allocation_guard: 0.


Internal statistics:

num_allocs_failed_limit: 9.
num_arena_births: 3038.
num_arena_deaths: 14.
num_vsnodes_births: 2.
num_vsnodes_deaths: 0.
num_space_committed: 1028.
num_space_uncommitted: 0.
num_chunks_returned_to_freelist: 29.
num_chunks_taken_from_freelist: 5650.
num_chunk_merges: 17.
num_chunk_splits: 3636.
num_chunks_enlarged: 2202.
num_inconsistent_stats: 0.

CodeHeap 'non-profiled nmethods': size=119168Kb used=4103Kb max_used=4593Kb free=115064Kb
 bounds [0x00000270e3390000, 0x00000270e3810000, 0x00000270ea7f0000]
CodeHeap 'profiled nmethods': size=119104Kb used=13627Kb max_used=14764Kb free=105476Kb
 bounds [0x00000270db7f0000, 0x00000270dc660000, 0x00000270e2c40000]
CodeHeap 'non-nmethods': size=7488Kb used=4262Kb max_used=4340Kb free=3225Kb
 bounds [0x00000270e2c40000, 0x00000270e3080000, 0x00000270e3390000]
CodeCache: size=245760Kb, used=21992Kb, max_used=23697Kb, free=223765Kb
 total_blobs=8255, nmethods=7390, adapters=766, full_count=0
Compilation: enabled, stopped_count=0, restarted_count=0

Compilation events (20 events):
Event: 7.573 Thread 0x00000270f0c36ba0 8457       3       com.google.common.collect.MapMakerInternalMap$StrongKeyWeakValueEntry$Helper::newEntry (16 bytes)
Event: 7.573 Thread 0x00000270f0c360e0 8458       3       com.google.common.collect.MapMakerInternalMap$StrongKeyWeakValueEntry$Helper::setValue (14 bytes)
Event: 7.573 Thread 0x00000270f0aa1a70 nmethod 8455 0x00000270db84f810 code [0x00000270db84f9c0, 0x00000270db84fb80]
Event: 7.573 Thread 0x00000270f0aa1a70 8459       3       com.google.common.collect.MapMakerInternalMap$StrongKeyWeakValueEntry$Helper::setValue (32 bytes)
Event: 7.573 Thread 0x00000270f0c36ba0 nmethod 8457 0x00000270dbb87310 code [0x00000270dbb874c0, 0x00000270dbb877b8]
Event: 7.573 Thread 0x00000270f0c36ba0 8460       3       com.google.common.collect.MapMakerInternalMap$1::clear (1 bytes)
Event: 7.573 Thread 0x00000270f0c360e0 nmethod 8458 0x00000270dbce6690 code [0x00000270dbce6840, 0x00000270dbce6b38]
Event: 7.573 Thread 0x00000270f53a3500 nmethod 8456 0x00000270db925190 code [0x00000270db925360, 0x00000270db925780]
Event: 7.573 Thread 0x00000270f0c36ba0 nmethod 8460 0x00000270db939090 code [0x00000270db939220, 0x00000270db939328]
Event: 7.574 Thread 0x00000270f0aa1a70 nmethod 8459 0x00000270dba02190 code [0x00000270dba02380, 0x00000270dba02980]
Event: 7.574 Thread 0x00000270f0c360e0 8461  s    3       jdk.internal.loader.Resource::cachedInputStream (20 bytes)
Event: 7.575 Thread 0x00000270f0c360e0 nmethod 8461 0x00000270dbf1bf90 code [0x00000270dbf1c140, 0x00000270dbf1c468]
Event: 7.576 Thread 0x00000270f0c360e0 8462       3       jdk.internal.loader.URLClassPath::findResource (38 bytes)
Event: 7.577 Thread 0x00000270f0c360e0 nmethod 8462 0x00000270dbd29910 code [0x00000270dbd29ae0, 0x00000270dbd29e20]
Event: 7.579 Thread 0x00000270f53a3500 8463   !   3       org.gradle.internal.classloader.FilteringClassLoader::loadClass (62 bytes)
Event: 7.580 Thread 0x00000270f53a3500 nmethod 8463 0x00000270db96db10 code [0x00000270db96ddc0, 0x00000270db96e930]
Event: 7.584 Thread 0x00000270f53a3500 8464       3       java.net.URL::openConnection (9 bytes)
Event: 7.584 Thread 0x00000270f53a3500 nmethod 8464 0x00000270dba8bb90 code [0x00000270dba8bd40, 0x00000270dba8bf18]
Event: 7.585 Thread 0x00000270f53a2760 nmethod 8375 0x00000270e353ec10 code [0x00000270e353f5a0, 0x00000270e35453b8]
Event: 7.585 Thread 0x00000270f53a2760 8416       4       java.lang.invoke.VarHandleGuards::guard_LII_V (135 bytes)

GC Heap History (20 events):
Event: 3.553 GC heap before
{Heap before GC invocations=6 (full 0):
 garbage-first heap   total 80896K, used 63485K [0x0000000080000000, 0x0000000100000000)
  region size 1024K, 47 young (48128K), 7 survivors (7168K)
 Metaspace       used 34688K, committed 35584K, reserved 1114112K
  class space    used 4826K, committed 5248K, reserved 1048576K
}
Event: 3.561 GC heap after
{Heap after GC invocations=7 (full 0):
 garbage-first heap   total 80896K, used 24524K [0x0000000080000000, 0x0000000100000000)
  region size 1024K, 6 young (6144K), 6 survivors (6144K)
 Metaspace       used 34688K, committed 35584K, reserved 1114112K
  class space    used 4826K, committed 5248K, reserved 1048576K
}
Event: 3.607 GC heap before
{Heap before GC invocations=7 (full 0):
 garbage-first heap   total 80896K, used 27596K [0x0000000080000000, 0x0000000100000000)
  region size 1024K, 10 young (10240K), 6 survivors (6144K)
 Metaspace       used 35150K, committed 35968K, reserved 1114112K
  class space    used 4892K, committed 5312K, reserved 1048576K
}
Event: 3.612 GC heap after
{Heap after GC invocations=8 (full 0):
 garbage-first heap   total 97280K, used 24865K [0x0000000080000000, 0x0000000100000000)
  region size 1024K, 3 young (3072K), 3 survivors (3072K)
 Metaspace       used 35150K, committed 35968K, reserved 1114112K
  class space    used 4892K, committed 5312K, reserved 1048576K
}
Event: 4.430 GC heap before
{Heap before GC invocations=9 (full 0):
 garbage-first heap   total 86016K, used 79137K [0x0000000080000000, 0x0000000100000000)
  region size 1024K, 57 young (58368K), 3 survivors (3072K)
 Metaspace       used 45666K, committed 46784K, reserved 1114112K
  class space    used 6334K, committed 6848K, reserved 1048576K
}
Event: 4.440 GC heap after
{Heap after GC invocations=10 (full 0):
 garbage-first heap   total 90112K, used 30335K [0x0000000080000000, 0x0000000100000000)
  region size 1024K, 8 young (8192K), 8 survivors (8192K)
 Metaspace       used 45666K, committed 46784K, reserved 1114112K
  class space    used 6334K, committed 6848K, reserved 1048576K
}
Event: 4.925 GC heap before
{Heap before GC invocations=10 (full 0):
 garbage-first heap   total 90112K, used 79487K [0x0000000080000000, 0x0000000100000000)
  region size 1024K, 52 young (53248K), 8 survivors (8192K)
 Metaspace       used 49496K, committed 50816K, reserved 1114112K
  class space    used 6787K, committed 7424K, reserved 1048576K
}
Event: 4.937 GC heap after
{Heap after GC invocations=11 (full 0):
 garbage-first heap   total 93184K, used 33628K [0x0000000080000000, 0x0000000100000000)
  region size 1024K, 4 young (4096K), 4 survivors (4096K)
 Metaspace       used 49496K, committed 50816K, reserved 1114112K
  class space    used 6787K, committed 7424K, reserved 1048576K
}
Event: 5.618 GC heap before
{Heap before GC invocations=11 (full 0):
 garbage-first heap   total 93184K, used 81756K [0x0000000080000000, 0x0000000100000000)
  region size 1024K, 49 young (50176K), 4 survivors (4096K)
 Metaspace       used 53405K, committed 54720K, reserved 1114112K
  class space    used 7455K, committed 8064K, reserved 1048576K
}
Event: 5.623 GC heap after
{Heap after GC invocations=12 (full 0):
 garbage-first heap   total 93184K, used 41891K [0x0000000080000000, 0x0000000100000000)
  region size 1024K, 7 young (7168K), 7 survivors (7168K)
 Metaspace       used 53405K, committed 54720K, reserved 1114112K
  class space    used 7455K, committed 8064K, reserved 1048576K
}
Event: 6.169 GC heap before
{Heap before GC invocations=12 (full 0):
 garbage-first heap   total 93184K, used 79779K [0x0000000080000000, 0x0000000100000000)
  region size 1024K, 44 young (45056K), 7 survivors (7168K)
 Metaspace       used 57205K, committed 58688K, reserved 1114112K
  class space    used 8087K, committed 8768K, reserved 1048576K
}
Event: 6.174 GC heap after
{Heap after GC invocations=13 (full 0):
 garbage-first heap   total 93184K, used 45695K [0x0000000080000000, 0x0000000100000000)
  region size 1024K, 4 young (4096K), 4 survivors (4096K)
 Metaspace       used 57205K, committed 58688K, reserved 1114112K
  class space    used 8087K, committed 8768K, reserved 1048576K
}
Event: 6.330 GC heap before
{Heap before GC invocations=13 (full 0):
 garbage-first heap   total 93184K, used 53887K [0x0000000080000000, 0x0000000100000000)
  region size 1024K, 13 young (13312K), 4 survivors (4096K)
 Metaspace       used 58691K, committed 60096K, reserved 1114112K
  class space    used 8325K, committed 8960K, reserved 1048576K
}
Event: 6.334 GC heap after
{Heap after GC invocations=14 (full 0):
 garbage-first heap   total 93184K, used 46502K [0x0000000080000000, 0x0000000100000000)
  region size 1024K, 1 young (1024K), 1 survivors (1024K)
 Metaspace       used 58691K, committed 60096K, reserved 1114112K
  class space    used 8325K, committed 8960K, reserved 1048576K
}
Event: 6.893 GC heap before
{Heap before GC invocations=15 (full 0):
 garbage-first heap   total 93184K, used 81318K [0x0000000080000000, 0x0000000100000000)
  region size 1024K, 34 young (34816K), 1 survivors (1024K)
 Metaspace       used 62704K, committed 64384K, reserved 1114112K
  class space    used 8889K, committed 9664K, reserved 1048576K
}
Event: 6.898 GC heap after
{Heap after GC invocations=16 (full 0):
 garbage-first heap   total 112640K, used 49283K [0x0000000080000000, 0x0000000100000000)
  region size 1024K, 4 young (4096K), 4 survivors (4096K)
 Metaspace       used 62704K, committed 64384K, reserved 1114112K
  class space    used 8889K, committed 9664K, reserved 1048576K
}
Event: 7.308 GC heap before
{Heap before GC invocations=16 (full 0):
 garbage-first heap   total 112640K, used 96387K [0x0000000080000000, 0x0000000100000000)
  region size 1024K, 51 young (52224K), 4 survivors (4096K)
 Metaspace       used 63628K, committed 65280K, reserved 1114112K
  class space    used 8925K, committed 9728K, reserved 1048576K
}
Event: 7.314 GC heap after
{Heap after GC invocations=17 (full 0):
 garbage-first heap   total 112640K, used 55630K [0x0000000080000000, 0x0000000100000000)
  region size 1024K, 7 young (7168K), 7 survivors (7168K)
 Metaspace       used 63628K, committed 65280K, reserved 1114112K
  class space    used 8925K, committed 9728K, reserved 1048576K
}
Event: 7.369 GC heap before
{Heap before GC invocations=17 (full 0):
 garbage-first heap   total 112640K, used 62798K [0x0000000080000000, 0x0000000100000000)
  region size 1024K, 15 young (15360K), 7 survivors (7168K)
 Metaspace       used 63661K, committed 65344K, reserved 1114112K
  class space    used 8930K, committed 9728K, reserved 1048576K
}
Event: 7.374 GC heap after
{Heap after GC invocations=18 (full 0):
 garbage-first heap   total 112640K, used 56872K [0x0000000080000000, 0x0000000100000000)
  region size 1024K, 1 young (1024K), 1 survivors (1024K)
 Metaspace       used 63661K, committed 65344K, reserved 1114112K
  class space    used 8930K, committed 9728K, reserved 1048576K
}

Dll operation events (3 events):
Event: 0.012 Loaded shared library E:\Programming\Android Studio Installation\jbr\bin\java.dll
Event: 0.019 Loaded shared library E:\Programming\Android Studio Installation\jbr\bin\zip.dll
Event: 0.507 Loaded shared library E:\Programming\Android Studio Installation\jbr\bin\verify.dll

Deoptimization events (20 events):
Event: 7.343 Thread 0x00000270f70d8d70 DEOPT PACKING pc=0x00000270db905dd3 sp=0x0000007a8d3f8f20
Event: 7.343 Thread 0x00000270f70d8d70 DEOPT UNPACKING pc=0x00000270e2c94b42 sp=0x0000007a8d3f8458 mode 0
Event: 7.345 Thread 0x00000270f70d8d70 DEOPT PACKING pc=0x00000270dc24ba78 sp=0x0000007a8d3f8ed0
Event: 7.345 Thread 0x00000270f70d8d70 DEOPT UNPACKING pc=0x00000270e2c94b42 sp=0x0000007a8d3f83b8 mode 0
Event: 7.494 Thread 0x00000270f70d8d70 Uncommon trap: trap_request=0xffffff45 fr.pc=0x00000270e35f52a0 relative=0x0000000000001ae0
Event: 7.494 Thread 0x00000270f70d8d70 Uncommon trap: reason=unstable_if action=reinterpret pc=0x00000270e35f52a0 method=java.util.zip.ZipFile.getInputStream(Ljava/util/zip/ZipEntry;)Ljava/io/InputStream; @ 101 c2
Event: 7.494 Thread 0x00000270f70d8d70 DEOPT PACKING pc=0x00000270e35f52a0 sp=0x0000007a8d3f7e40
Event: 7.494 Thread 0x00000270f70d8d70 DEOPT UNPACKING pc=0x00000270e2c943a2 sp=0x0000007a8d3f7cd0 mode 2
Event: 7.525 Thread 0x00000270f70d8d70 Uncommon trap: trap_request=0xffffff45 fr.pc=0x00000270e3638138 relative=0x0000000000000098
Event: 7.525 Thread 0x00000270f70d8d70 Uncommon trap: reason=unstable_if action=reinterpret pc=0x00000270e3638138 method=java.util.Spliterator.getExactSizeIfKnown()J @ 9 c2
Event: 7.525 Thread 0x00000270f70d8d70 DEOPT PACKING pc=0x00000270e3638138 sp=0x0000007a8d3fa730
Event: 7.525 Thread 0x00000270f70d8d70 DEOPT UNPACKING pc=0x00000270e2c943a2 sp=0x0000007a8d3fa6b8 mode 2
Event: 7.555 Thread 0x00000270f70d8d70 Uncommon trap: trap_request=0xffffffc6 fr.pc=0x00000270e35a1edc relative=0x00000000000002fc
Event: 7.555 Thread 0x00000270f70d8d70 Uncommon trap: reason=bimorphic_or_optimized_type_check action=maybe_recompile pc=0x00000270e35a1edc method=com.google.common.base.CharMatcher.indexIn(Ljava/lang/CharSequence;I)I @ 31 c2
Event: 7.555 Thread 0x00000270f70d8d70 DEOPT PACKING pc=0x00000270e35a1edc sp=0x0000007a8d3f84f0
Event: 7.555 Thread 0x00000270f70d8d70 DEOPT UNPACKING pc=0x00000270e2c943a2 sp=0x0000007a8d3f8498 mode 2
Event: 7.555 Thread 0x00000270f70d8d70 Uncommon trap: trap_request=0xffffffc6 fr.pc=0x00000270e35a1edc relative=0x00000000000002fc
Event: 7.555 Thread 0x00000270f70d8d70 Uncommon trap: reason=bimorphic_or_optimized_type_check action=maybe_recompile pc=0x00000270e35a1edc method=com.google.common.base.CharMatcher.indexIn(Ljava/lang/CharSequence;I)I @ 31 c2
Event: 7.555 Thread 0x00000270f70d8d70 DEOPT PACKING pc=0x00000270e35a1edc sp=0x0000007a8d3f84f0
Event: 7.555 Thread 0x00000270f70d8d70 DEOPT UNPACKING pc=0x00000270e2c943a2 sp=0x0000007a8d3f8498 mode 2

Classes loaded (20 events):
Event: 6.738 Loading class org/xml/sax/Attributes
Event: 6.738 Loading class org/xml/sax/Attributes done
Event: 7.051 Loading class java/util/Collections$ReverseComparator
Event: 7.051 Loading class java/util/Collections$ReverseComparator done
Event: 7.051 Loading class java/util/Collections$ReverseComparator2
Event: 7.051 Loading class java/util/Collections$ReverseComparator2 done
Event: 7.470 Loading class sun/reflect/generics/tree/LongSignature
Event: 7.470 Loading class sun/reflect/generics/tree/LongSignature done
Event: 7.488 Loading class java/io/FileBeanInfo
Event: 7.488 Loading class java/io/FileBeanInfo done
Event: 7.488 Loading class java/io/FileBeanInfo
Event: 7.488 Loading class java/io/FileBeanInfo done
Event: 7.488 Loading class java/io/FileCustomizer
Event: 7.488 Loading class java/io/FileCustomizer done
Event: 7.488 Loading class java/io/FileCustomizer
Event: 7.488 Loading class java/io/FileCustomizer done
Event: 7.525 Loading class java/util/stream/SortedOps$RefSortingSink
Event: 7.525 Loading class java/util/stream/SortedOps$RefSortingSink done
Event: 7.537 Loading class java/time/Ser
Event: 7.537 Loading class java/time/Ser done

Classes unloaded (7 events):
Event: 6.355 Thread 0x00000270f0877960 Unloading class 0x00000001007dc800 'java/lang/invoke/LambdaForm$DMH+0x00000001007dc800'
Event: 6.355 Thread 0x00000270f0877960 Unloading class 0x00000001007dcc00 'java/lang/invoke/LambdaForm$DMH+0x00000001007dcc00'
Event: 6.355 Thread 0x00000270f0877960 Unloading class 0x00000001007dc400 'java/lang/invoke/LambdaForm$DMH+0x00000001007dc400'
Event: 6.355 Thread 0x00000270f0877960 Unloading class 0x00000001007d5000 'java/lang/invoke/LambdaForm$DMH+0x00000001007d5000'
Event: 6.355 Thread 0x00000270f0877960 Unloading class 0x00000001007d4c00 'java/lang/invoke/LambdaForm$DMH+0x00000001007d4c00'
Event: 6.355 Thread 0x00000270f0877960 Unloading class 0x00000001007d4800 'java/lang/invoke/LambdaForm$DMH+0x00000001007d4800'
Event: 6.355 Thread 0x00000270f0877960 Unloading class 0x00000001007d4400 'java/lang/invoke/LambdaForm$DMH+0x00000001007d4400'

Classes redefined (0 events):
No events

Internal exceptions (20 events):
Event: 7.562 Thread 0x00000270f70d8d70 Exception <a 'sun/nio/fs/WindowsException'{0x00000000854fad08}> (0x00000000854fad08) 
thrown [s\src\hotspot\share\prims\jni.cpp, line 537]
Event: 7.563 Thread 0x00000270f70d8d70 Exception <a 'sun/nio/fs/WindowsException'{0x0000000085307420}> (0x0000000085307420) 
thrown [s\src\hotspot\share\prims\jni.cpp, line 537]
Event: 7.564 Thread 0x00000270f70d8d70 Exception <a 'sun/nio/fs/WindowsException'{0x0000000085323688}> (0x0000000085323688) 
thrown [s\src\hotspot\share\prims\jni.cpp, line 537]
Event: 7.565 Thread 0x00000270f70d8d70 Exception <a 'sun/nio/fs/WindowsException'{0x000000008532f7c0}> (0x000000008532f7c0) 
thrown [s\src\hotspot\share\prims\jni.cpp, line 537]
Event: 7.567 Thread 0x00000270f70d8d70 Exception <a 'sun/nio/fs/WindowsException'{0x000000008533adb8}> (0x000000008533adb8) 
thrown [s\src\hotspot\share\prims\jni.cpp, line 537]
Event: 7.571 Thread 0x00000270f70d8d70 Exception <a 'sun/nio/fs/WindowsException'{0x000000008536a820}> (0x000000008536a820) 
thrown [s\src\hotspot\share\prims\jni.cpp, line 537]
Event: 7.572 Thread 0x00000270f70d8d70 Exception <a 'sun/nio/fs/WindowsException'{0x00000000853781a8}> (0x00000000853781a8) 
thrown [s\src\hotspot\share\prims\jni.cpp, line 537]
Event: 7.573 Thread 0x00000270f70d8d70 Exception <a 'sun/nio/fs/WindowsException'{0x00000000853985d8}> (0x00000000853985d8) 
thrown [s\src\hotspot\share\prims\jni.cpp, line 537]
Event: 7.574 Thread 0x00000270f70d8d70 Exception <a 'sun/nio/fs/WindowsException'{0x00000000853c43d8}> (0x00000000853c43d8) 
thrown [s\src\hotspot\share\prims\jni.cpp, line 537]
Event: 7.576 Thread 0x00000270f70d8d70 Exception <a 'sun/nio/fs/WindowsException'{0x00000000853d85a0}> (0x00000000853d85a0) 
thrown [s\src\hotspot\share\prims\jni.cpp, line 537]
Event: 7.576 Thread 0x00000270f70d8d70 Exception <a 'sun/nio/fs/WindowsException'{0x00000000853da5d8}> (0x00000000853da5d8) 
thrown [s\src\hotspot\share\prims\jni.cpp, line 537]
Event: 7.577 Thread 0x00000270f70d8d70 Exception <a 'sun/nio/fs/WindowsException'{0x00000000853e5b48}> (0x00000000853e5b48) 
thrown [s\src\hotspot\share\prims\jni.cpp, line 537]
Event: 7.579 Thread 0x00000270f70d8d70 Exception <a 'sun/nio/fs/WindowsException'{0x000000008521b1c0}> (0x000000008521b1c0) 
thrown [s\src\hotspot\share\prims\jni.cpp, line 537]
Event: 7.579 Thread 0x00000270f70d8d70 Exception <a 'sun/nio/fs/WindowsException'{0x0000000085228948}> (0x0000000085228948) 
thrown [s\src\hotspot\share\prims\jni.cpp, line 537]
Event: 7.581 Thread 0x00000270f70d8d70 Exception <a 'sun/nio/fs/WindowsException'{0x000000008524c888}> (0x000000008524c888) 
thrown [s\src\hotspot\share\prims\jni.cpp, line 537]
Event: 7.583 Thread 0x00000270f70d8d70 Exception <a 'sun/nio/fs/WindowsException'{0x000000008525e268}> (0x000000008525e268) 
thrown [s\src\hotspot\share\prims\jni.cpp, line 537]
Event: 7.585 Thread 0x00000270f70d8d70 Exception <a 'sun/nio/fs/WindowsException'{0x00000000852695d0}> (0x00000000852695d0) 
thrown [s\src\hotspot\share\prims\jni.cpp, line 537]
Event: 7.589 Thread 0x00000270f70d8d70 Exception <a 'sun/nio/fs/WindowsException'{0x00000000852c8920}> (0x00000000852c8920) 
thrown [s\src\hotspot\share\prims\jni.cpp, line 537]
Event: 7.590 Thread 0x00000270f70d8d70 Exception <a 'sun/nio/fs/WindowsException'{0x00000000852d0558}> (0x00000000852d0558) 
thrown [s\src\hotspot\share\prims\jni.cpp, line 537]
Event: 7.590 Thread 0x00000270f70d8d70 Exception <a 'sun/nio/fs/WindowsException'{0x00000000852db6a0}> (0x00000000852db6a0) 
thrown [s\src\hotspot\share\prims\jni.cpp, line 537]

ZGC Phase Switch (0 events):
No events

VM Operations (20 events):
Event: 6.737 Executing VM operation: ICBufferFull
Event: 6.737 Executing VM operation: ICBufferFull done
Event: 6.893 Executing VM operation: G1CollectForAllocation (G1 Evacuation Pause)
Event: 6.898 Executing VM operation: G1CollectForAllocation (G1 Evacuation Pause) done
Event: 7.060 Executing VM operation: ICBufferFull
Event: 7.060 Executing VM operation: ICBufferFull done
Event: 7.087 Executing VM operation: HandshakeAllThreads (Deoptimize)
Event: 7.087 Executing VM operation: HandshakeAllThreads (Deoptimize) done
Event: 7.185 Executing VM operation: ICBufferFull
Event: 7.185 Executing VM operation: ICBufferFull done
Event: 7.257 Executing VM operation: ICBufferFull
Event: 7.258 Executing VM operation: ICBufferFull done
Event: 7.308 Executing VM operation: G1CollectForAllocation (G1 Evacuation Pause)
Event: 7.314 Executing VM operation: G1CollectForAllocation (G1 Evacuation Pause) done
Event: 7.369 Executing VM operation: G1TryInitiateConcMark (G1 Humongous Allocation)
Event: 7.374 Executing VM operation: G1TryInitiateConcMark (G1 Humongous Allocation) done
Event: 7.398 Executing VM operation: G1PauseRemark
Event: 7.403 Executing VM operation: G1PauseRemark done
Event: 7.416 Executing VM operation: G1PauseCleanup
Event: 7.416 Executing VM operation: G1PauseCleanup done

Memory protections (0 events):
No events

Nmethod flushes (20 events):
Event: 7.402 Thread 0x00000270f0877960 flushing  nmethod 0x00000270dbc4b290
Event: 7.402 Thread 0x00000270f0877960 flushing  nmethod 0x00000270dbcaf490
Event: 7.402 Thread 0x00000270f0877960 flushing  nmethod 0x00000270dbcafb10
Event: 7.402 Thread 0x00000270f0877960 flushing  nmethod 0x00000270dbd52010
Event: 7.402 Thread 0x00000270f0877960 flushing  nmethod 0x00000270dbd52f10
Event: 7.402 Thread 0x00000270f0877960 flushing  nmethod 0x00000270dbd54f10
Event: 7.402 Thread 0x00000270f0877960 flushing  nmethod 0x00000270dbd55310
Event: 7.402 Thread 0x00000270f0877960 flushing  nmethod 0x00000270dbd55c10
Event: 7.402 Thread 0x00000270f0877960 flushing  nmethod 0x00000270dbd56190
Event: 7.402 Thread 0x00000270f0877960 flushing  nmethod 0x00000270dbd56590
Event: 7.402 Thread 0x00000270f0877960 flushing  nmethod 0x00000270dbd98f10
Event: 7.402 Thread 0x00000270f0877960 flushing  nmethod 0x00000270dbd99610
Event: 7.402 Thread 0x00000270f0877960 flushing  nmethod 0x00000270dbe6d190
Event: 7.402 Thread 0x00000270f0877960 flushing  nmethod 0x00000270dbe6ee90
Event: 7.402 Thread 0x00000270f0877960 flushing  nmethod 0x00000270dbef7b10
Event: 7.402 Thread 0x00000270f0877960 flushing  nmethod 0x00000270dbef7f90
Event: 7.402 Thread 0x00000270f0877960 flushing  nmethod 0x00000270dbfe4e10
Event: 7.402 Thread 0x00000270f0877960 flushing  nmethod 0x00000270dbfe6810
Event: 7.402 Thread 0x00000270f0877960 flushing  nmethod 0x00000270dbfea290
Event: 7.402 Thread 0x00000270f0877960 flushing  nmethod 0x00000270dc2c5090

Events (20 events):
Event: 6.671 Thread 0x00000270f0c360e0 Thread added: 0x00000270f53a2760
Event: 6.709 Thread 0x00000270f70d8d70 Thread added: 0x00000270fc1e69b0
Event: 6.767 Thread 0x00000270f70d8d70 Thread added: 0x00000270fc1e4f70
Event: 7.170 Thread 0x00000270f70d8d70 Thread added: 0x00000270fc1e48e0
Event: 7.170 Thread 0x00000270f70d8d70 Thread added: 0x00000270fc1e5c90
Event: 7.170 Thread 0x00000270f70d8d70 Thread added: 0x00000270fc1e3530
Event: 7.170 Thread 0x00000270f70d8d70 Thread added: 0x00000270fc1e7040
Event: 7.170 Thread 0x00000270f70d8d70 Thread added: 0x00000270fc1e6320
Event: 7.170 Thread 0x00000270f70d8d70 Thread added: 0x00000270fc1e76d0
Event: 7.171 Thread 0x00000270f70d8d70 Thread added: 0x00000270fc1e7d60
Event: 7.171 Thread 0x00000270f70d8d70 Thread added: 0x00000270fc1e83f0
Event: 7.171 Thread 0x00000270f70d8d70 Thread added: 0x00000270fc1e8a80
Event: 7.172 Thread 0x00000270f70d8d70 Thread added: 0x00000270fc1e5600
Event: 7.172 Thread 0x00000270f70d8d70 Thread added: 0x00000270fc1e9110
Event: 7.172 Thread 0x00000270f70d8d70 Thread added: 0x00000270fc1e9e30
Event: 7.173 Thread 0x00000270f70d8d70 Thread added: 0x00000270fc1e97a0
Event: 7.173 Thread 0x00000270f70d8d70 Thread added: 0x00000270fc1ea4c0
Event: 7.173 Thread 0x00000270f70d8d70 Thread added: 0x00000270fc1eab50
Event: 7.352 Thread 0x00000270f70d8d70 Thread added: 0x00000270f57e2490
Event: 7.543 Thread 0x00000270f70d8d70 Thread added: 0x00000270f57df6a0


Dynamic libraries:
0x00007ff7672e0000 - 0x00007ff7672ea000 	E:\Programming\Android Studio Installation\jbr\bin\java.exe
0x00007ffd4e240000 - 0x00007ffd4e4a6000 	C:\WINDOWS\SYSTEM32\ntdll.dll
0x00007ffd4d650000 - 0x00007ffd4d719000 	C:\WINDOWS\System32\KERNEL32.DLL
0x00007ffd4b560000 - 0x00007ffd4b95a000 	C:\WINDOWS\System32\KERNELBASE.dll
0x00007ffd4bae0000 - 0x00007ffd4bc2c000 	C:\WINDOWS\System32\ucrtbase.dll
0x00007ffd40990000 - 0x00007ffd409a8000 	E:\Programming\Android Studio Installation\jbr\bin\jli.dll
0x00007ffd40d40000 - 0x00007ffd40d5b000 	E:\Programming\Android Studio Installation\jbr\bin\VCRUNTIME140.dll
0x00007ffd4ddf0000 - 0x00007ffd4dfb7000 	C:\WINDOWS\System32\USER32.dll
0x00007ffd4bd90000 - 0x00007ffd4bdb7000 	C:\WINDOWS\System32\win32u.dll
0x00007ffd30a20000 - 0x00007ffd30cb2000 	C:\WINDOWS\WinSxS\amd64_microsoft.windows.common-controls_6595b64144ccf1df_6.0.26100.8521_none_3e08b75ce33403b3\COMCTL32.dll
0x00007ffd4d930000 - 0x00007ffd4d95b000 	C:\WINDOWS\System32\GDI32.dll
0x00007ffd4c120000 - 0x00007ffd4c1c9000 	C:\WINDOWS\System32\msvcrt.dll
0x00007ffd4bdc0000 - 0x00007ffd4beeb000 	C:\WINDOWS\System32\gdi32full.dll
0x00007ffd4bce0000 - 0x00007ffd4bd83000 	C:\WINDOWS\System32\msvcp_win.dll
0x00007ffd4c380000 - 0x00007ffd4c3b2000 	C:\WINDOWS\System32\IMM32.DLL
0x00007ffd47f00000 - 0x00007ffd47f0c000 	E:\Programming\Android Studio Installation\jbr\bin\vcruntime140_1.dll
0x00007ffd23c70000 - 0x00007ffd23cfd000 	E:\Programming\Android Studio Installation\jbr\bin\msvcp140.dll
0x00007ffc87530000 - 0x00007ffc881c6000 	E:\Programming\Android Studio Installation\jbr\bin\server\jvm.dll
0x00007ffd4d590000 - 0x00007ffd4d646000 	C:\WINDOWS\System32\ADVAPI32.dll
0x00007ffd4d880000 - 0x00007ffd4d92a000 	C:\WINDOWS\System32\sechost.dll
0x00007ffd4c250000 - 0x00007ffd4c368000 	C:\WINDOWS\System32\RPCRT4.dll
0x00007ffd4d350000 - 0x00007ffd4d3d0000 	C:\WINDOWS\System32\WS2_32.dll
0x00007ffd35360000 - 0x00007ffd35396000 	C:\WINDOWS\SYSTEM32\WINMM.dll
0x00007ffd42c10000 - 0x00007ffd42c1b000 	C:\WINDOWS\SYSTEM32\VERSION.dll
0x00007ffd4ad80000 - 0x00007ffd4adde000 	C:\WINDOWS\SYSTEM32\POWRPROF.dll
0x00007ffd4ad10000 - 0x00007ffd4ad24000 	C:\WINDOWS\SYSTEM32\UMPDC.dll
0x00007ffd4a220000 - 0x00007ffd4a23b000 	C:\WINDOWS\SYSTEM32\kernel.appcore.dll
0x00007ffd46100000 - 0x00007ffd4610a000 	E:\Programming\Android Studio Installation\jbr\bin\jimage.dll
0x00007ffd48b80000 - 0x00007ffd48dc2000 	C:\WINDOWS\SYSTEM32\DBGHELP.DLL
0x00007ffd4c3c0000 - 0x00007ffd4c743000 	C:\WINDOWS\System32\combase.dll
0x00007ffd4d270000 - 0x00007ffd4d349000 	C:\WINDOWS\System32\OLEAUT32.dll
0x00007ffd30f70000 - 0x00007ffd30fab000 	C:\WINDOWS\SYSTEM32\dbgcore.DLL
0x00007ffd4bc30000 - 0x00007ffd4bcd8000 	C:\WINDOWS\System32\bcryptPrimitives.dll
0x00007ffd40d80000 - 0x00007ffd40d8e000 	E:\Programming\Android Studio Installation\jbr\bin\instrument.dll
0x00007ffd40c70000 - 0x00007ffd40c90000 	E:\Programming\Android Studio Installation\jbr\bin\java.dll
0x00007ffd40950000 - 0x00007ffd40968000 	E:\Programming\Android Studio Installation\jbr\bin\zip.dll
0x00007ffd4ca60000 - 0x00007ffd4d1e4000 	C:\WINDOWS\System32\SHELL32.dll
0x00007ffd49050000 - 0x00007ffd498d0000 	C:\WINDOWS\SYSTEM32\windows.storage.dll
0x00007ffd4d780000 - 0x00007ffd4d876000 	C:\WINDOWS\System32\SHCORE.dll
0x00007ffd4d520000 - 0x00007ffd4d587000 	C:\WINDOWS\System32\shlwapi.dll
0x00007ffd4b3f0000 - 0x00007ffd4b419000 	C:\WINDOWS\SYSTEM32\profapi.dll
0x00007ffd40d10000 - 0x00007ffd40d20000 	E:\Programming\Android Studio Installation\jbr\bin\net.dll
0x00007ffd417d0000 - 0x00007ffd418f9000 	C:\WINDOWS\SYSTEM32\WINHTTP.dll
0x00007ffd4a770000 - 0x00007ffd4a7dc000 	C:\WINDOWS\system32\mswsock.dll
0x00007ffd40780000 - 0x00007ffd40796000 	E:\Programming\Android Studio Installation\jbr\bin\nio.dll
0x00007ffd40dc0000 - 0x00007ffd40dd0000 	E:\Programming\Android Studio Installation\jbr\bin\verify.dll
0x00007ffd32bf0000 - 0x00007ffd32c17000 	C:\Users\asus\.gradle\native\c067742578af261105cb4f569cf0c3c89f3d7b1fecec35dd04571415982c5e48\windows-amd64\native-platform.dll
0x00007ffcf0610000 - 0x00007ffcf0754000 	C:\Users\asus\.gradle\native\38dada09dfb8b06ba9b0570ebf7e218e3eb74d4ef43ca46872605cf95ebc2f47\windows-amd64\native-platform-file-events.dll
0x00007ffd40cb0000 - 0x00007ffd40cb9000 	E:\Programming\Android Studio Installation\jbr\bin\management.dll
0x00007ffd40c60000 - 0x00007ffd40c6b000 	E:\Programming\Android Studio Installation\jbr\bin\management_ext.dll
0x00007ffd4ca50000 - 0x00007ffd4ca58000 	C:\WINDOWS\System32\PSAPI.DLL
0x00007ffd4ab70000 - 0x00007ffd4ab8b000 	C:\WINDOWS\SYSTEM32\CRYPTSP.dll
0x00007ffd4a180000 - 0x00007ffd4a1b9000 	C:\WINDOWS\system32\rsaenh.dll
0x00007ffd4a820000 - 0x00007ffd4a853000 	C:\WINDOWS\SYSTEM32\USERENV.dll
0x00007ffd4b3c0000 - 0x00007ffd4b3ea000 	C:\WINDOWS\SYSTEM32\bcrypt.dll
0x00007ffd4ab50000 - 0x00007ffd4ab5c000 	C:\WINDOWS\SYSTEM32\CRYPTBASE.dll
0x00007ffd49c00000 - 0x00007ffd49c33000 	C:\WINDOWS\SYSTEM32\IPHLPAPI.DLL
0x00007ffd4c370000 - 0x00007ffd4c37a000 	C:\WINDOWS\System32\NSI.dll
0x00007ffd40bd0000 - 0x00007ffd40bd9000 	E:\Programming\Android Studio Installation\jbr\bin\extnet.dll
0x00007ffd31ef0000 - 0x00007ffd31ef8000 	C:\WINDOWS\system32\wshunix.dll

JVMTI agents:
C:\Users\asus\.gradle\wrapper\dists\gradle-8.6-bin\afr5mpiioh2wthjmwnkmdsd5w\gradle-8.6\lib\agents\gradle-instrumentation-agent-8.6.jar path:E:\Programming\Android Studio Installation\jbr\bin\instrument.dll, loaded, initialized, instrumentlib options:none

dbghelp: loaded successfully - version: 4.0.5 - missing functions: none
symbol engine: initialized successfully - sym options: 0x614 - pdb path: .;E:\Programming\Android Studio Installation\jbr\bin;C:\WINDOWS\SYSTEM32;C:\WINDOWS\WinSxS\amd64_microsoft.windows.common-controls_6595b64144ccf1df_6.0.26100.8521_none_3e08b75ce33403b3;E:\Programming\Android Studio Installation\jbr\bin\server;C:\Users\asus\.gradle\native\c067742578af261105cb4f569cf0c3c89f3d7b1fecec35dd04571415982c5e48\windows-amd64;C:\Users\asus\.gradle\native\38dada09dfb8b06ba9b0570ebf7e218e3eb74d4ef43ca46872605cf95ebc2f47\windows-amd64

VM Arguments:
jvm_args: --add-opens=java.base/java.util=ALL-UNNAMED --add-opens=java.base/java.lang=ALL-UNNAMED --add-opens=java.base/java.lang.invoke=ALL-UNNAMED --add-opens=java.prefs/java.util.prefs=ALL-UNNAMED --add-opens=java.base/java.nio.charset=ALL-UNNAMED --add-opens=java.base/java.net=ALL-UNNAMED --add-opens=java.base/java.util.concurrent.atomic=ALL-UNNAMED -Xmx2048m -Dfile.encoding=UTF-8 -Duser.country=US -Duser.language=en -Duser.variant -javaagent:C:\Users\asus\.gradle\wrapper\dists\gradle-8.6-bin\afr5mpiioh2wthjmwnkmdsd5w\gradle-8.6\lib\agents\gradle-instrumentation-agent-8.6.jar 
java_command: org.gradle.launcher.daemon.bootstrap.GradleDaemon 8.6
java_class_path (initial): C:\Users\asus\.gradle\wrapper\dists\gradle-8.6-bin\afr5mpiioh2wthjmwnkmdsd5w\gradle-8.6\lib\gradle-launcher-8.6.jar
Launcher Type: SUN_STANDARD

[Global flags]
     intx CICompilerCount                          = 12                                        {product} {ergonomic}
     uint ConcGCThreads                            = 3                                         {product} {ergonomic}
     uint G1ConcRefinementThreads                  = 13                                        {product} {ergonomic}
   size_t G1HeapRegionSize                         = 1048576                                   {product} {ergonomic}
    uintx GCDrainStackTargetSize                   = 64                                        {product} {ergonomic}
   size_t InitialHeapSize                          = 130023424                                 {product} {ergonomic}
   size_t MarkStackSize                            = 4194304                                   {product} {ergonomic}
   size_t MaxHeapSize                              = 2147483648                                {product} {command line}
   size_t MaxNewSize                               = 1287651328                                {product} {ergonomic}
   size_t MinHeapDeltaBytes                        = 1048576                                   {product} {ergonomic}
   size_t MinHeapSize                              = 8388608                                   {product} {ergonomic}
    uintx NonNMethodCodeHeapSize                   = 7602480                                {pd product} {ergonomic}
    uintx NonProfiledCodeHeapSize                  = 122027880                              {pd product} {ergonomic}
    uintx ProfiledCodeHeapSize                     = 122027880                              {pd product} {ergonomic}
    uintx ReservedCodeCacheSize                    = 251658240                              {pd product} {ergonomic}
     bool SegmentedCodeCache                       = true                                      {product} {ergonomic}
   size_t SoftMaxHeapSize                          = 2147483648                             {manageable} {ergonomic}
     bool UseCompressedOops                        = true                           {product lp64_product} {ergonomic}
     bool UseG1GC                                  = true                                      {product} {ergonomic}
     bool UseLargePagesIndividualAllocation        = false                                  {pd product} {ergonomic}

Logging:
Log output configuration:
 #0: stdout all=warning uptime,level,tags foldmultilines=false
 #1: stderr all=off uptime,level,tags foldmultilines=false

Release file:
JAVA_VERSION="21.0.9" 
MODULES="java.base java.compiler java.datatransfer java.xml java.prefs java.desktop java.instrument java.logging java.management java.security.sasl java.naming java.rmi java.management.rmi java.net.http java.scripting java.security.jgss java.transaction.xa java.sql java.sql.rowset java.xml.crypto java.se java.smartcardio jdk.accessibility jdk.internal.jvmstat jdk.attach jdk.charsets jdk.internal.opt jdk.zipfs jdk.compiler jdk.crypto.ec jdk.crypto.cryptoki jdk.dynalink jdk.hotspot.agent jdk.httpserver jdk.internal.ed jdk.internal.le jdk.internal.vm.ci jdk.jartool jdk.javadoc jdk.jcmd jdk.jdeps jdk.jdwp.agent jdk.jdi jdk.jfr jdk.jlink jdk.jsobject jdk.localedata jdk.management jdk.management.agent jdk.management.jfr jdk.naming.dns jdk.naming.rmi jdk.net jdk.sctp jdk.security.auth jdk.security.jgss jdk.unsupported jdk.unsupported.desktop jdk.xml.dom" 
IMPLEMENTOR="JetBrains s.r.o." 
JAVA_RUNTIME_VERSION="21.0.9+-14787801-b1163.94" 
LIBC="default" 
OS_ARCH="x86_64" 
OS_NAME="Windows" 
SOURCE=".:git:0c757ddc9f2f" 

Environment Variables:
CLASSPATH=C:\JavaLib\antlr-4.13.2-complete.jar
PATH=E:\Programming\Python installation\;D:\Program\Common\VMWare\bin\;C:\Program Files\Common Files\Oracle\Java\javapath;C:\WINDOWS\system32;C:\WINDOWS;C:\WINDOWS\System32\Wbem;C:\WINDOWS\System32\WindowsPowerShell\v1.0\;C:\WINDOWS\System32\OpenSSH\;C:\Program Files (x86)\Windows Kits\10\Windows Performance Toolkit\;C:\Program Files\Git\cmd;C:\Program Files\CMake\bin;C:\Program Files\MySQL\MySQL Server 8.0\bin;C:\ProgramData\chocolatey\bin;C:\tools\gsudo\Current;E:\Programming\Python installation\Scripts\;C:\Program Files\dotnet\;C:\Program Files\MySQL\MySQL Shell 8.0\bin\;C:\Users\asus\AppData\Local\Microsoft\WindowsApps;E:\Programming\C installation\CLion 2022.2\bin;;E:\Programming\Java installation\JDK\bin;C:\Users\asus\AppData\Local\Programs\Microsoft VS Code\bin;E:\Programming\C installation\CLion 2022.2\bin\mingw\bin;C:\Users\asus\Desktop\WinAFL\Test 3\winaflfast\bin64;C:\JavaLib\antlr-4.13.2-complete.jar;C:\JavaLib\;C:\Program Files (x86)\Nmap;C:\Users\asus\.dotnet\tools
USERNAME=asus
OS=Windows_NT
PROCESSOR_IDENTIFIER=Intel64 Family 6 Model 154 Stepping 3, GenuineIntel
TMP=C:\Users\asus\AppData\Local\Temp
TEMP=C:\Users\asus\AppData\Local\Temp




Periodic native trim disabled

JNI global refs:
JNI global refs: 35, weak refs: 0

JNI global refs memory usage: 835, weak refs: 833

Process memory usage:
Resident Set Size: 354832K (4% of 8071936K total physical memory with 955768K free physical memory)

OOME stack traces (most recent first):
Classloader memory used:
Loader org.gradle.internal.classloader.VisitableURLClassLoader                         : 30398K
Loader bootstrap                                                                       : 23166K
Loader org.gradle.initialization.MixInLegacyTypesClassLoader                           : 9173K
Loader jdk.internal.loader.ClassLoaders$PlatformClassLoader                            : 515K
Loader org.gradle.groovy.scripts.internal.DefaultScriptCompilationHandler$ScriptClassLoader: 286K
Loader org.gradle.internal.classloader.VisitableURLClassLoader$InstrumentingVisitableURLClassLoader: 242K
Loader jdk.internal.loader.ClassLoaders$AppClassLoader                                 : 230K
Loader jdk.internal.reflect.DelegatingClassLoader                                      : 65456B
Loader org.codehaus.groovy.runtime.callsite.CallSiteClassLoader                        : 33992B
Loader org.gradle.internal.classloader.VisitableURLClassLoader                         : 33120B

Classes loaded by more than one classloader:
Class org.gradle.internal.classloader.FilteringClassLoader                            : loaded 2 times (x 105B)
Class org.gradle.internal.classloader.ClassLoaderHierarchy                            : loaded 2 times (x 70B)
Class org.gradle.api.internal.classpath.ManifestUtil                                  : loaded 2 times (x 71B)
Class settings_5s4a1xj1bp6azikp2agycm6ls$_run_closure1                                : loaded 2 times (x 139B)
Class org.gradle.internal.classloader.DefaultClassLoaderFactory                       : loaded 2 times (x 82B)
Class org.gradle.internal.classloader.ClassLoaderVisitor                              : loaded 2 times (x 76B)
Class org.gradle.api.internal.classpath.EffectiveClassPath                            : loaded 2 times (x 90B)
Class com.google.common.base.Splitter                                                 : loaded 2 times (x 72B)
Class org.gradle.api.internal.DefaultClassPathProvider                                : loaded 2 times (x 76B)
Class ijJvmDebugger1_dobtw6cflcvxkl315inszunwy                                        : loaded 2 times (x 179B)
Class [Lorg.gradle.api.internal.ClassPathProvider;                                    : loaded 2 times (x 69B)
Class org.gradle.api.internal.ClassPathProvider                                       : loaded 2 times (x 70B)
Class org.gradle.internal.service.UnknownServiceException                             : loaded 2 times (x 83B)
Class org.gradle.internal.classpath.TransformedClassPath                              : loaded 2 times (x 96B)
Class build_60mwr45nbiqz5d6h3vs9ut4px$_run_closure1                                   : loaded 2 times (x 139B)
Class org.gradle.internal.service.ServiceLocator                                      : loaded 2 times (x 70B)
Class ijJvmDebugger1_dobtw6cflcvxkl315inszunwy$_run_closure1                          : loaded 2 times (x 139B)
Class ijKotlinCoroutineJvmDebugInit1_d6p11m2njpy6aiagda9ijpaxm                        : loaded 2 times (x 179B)
Class org.gradle.internal.InternalTransformer                                         : loaded 2 times (x 70B)
Class org.gradle.internal.classloader.ClasspathUtil$1                                 : loaded 2 times (x 76B)
Class org.gradle.api.internal.classpath.DefaultModuleRegistry$DefaultModule           : loaded 2 times (x 86B)
Class org.gradle.api.internal.classpath.Module                                        : loaded 2 times (x 70B)
Class org.gradle.api.internal.classpath.UnknownModuleException                        : loaded 2 times (x 82B)
Class org.gradle.cache.GlobalCache                                                    : loaded 2 times (x 70B)
Class org.gradle.api.internal.DefaultClassPathRegistry                                : loaded 2 times (x 76B)
Class org.gradle.api.internal.ClassPathRegistry                                       : loaded 2 times (x 70B)
Class org.gradle.internal.classpath.DefaultClassPath$ImmutableUniqueList              : loaded 2 times (x 199B)
Class org.gradle.internal.classpath.ClassPath                                         : loaded 2 times (x 70B)
Class org.gradle.api.UncheckedIOException                                             : loaded 2 times (x 82B)
Class com.google.common.base.JdkPattern                                               : loaded 2 times (x 75B)
Class org.gradle.internal.installation.GradleInstallation$1                           : loaded 2 times (x 75B)
Class org.gradle.api.internal.classpath.ModuleRegistry                                : loaded 2 times (x 70B)
Class org.gradle.api.internal.classpath.DefaultModuleRegistry                         : loaded 2 times (x 86B)
Class build_60mwr45nbiqz5d6h3vs9ut4px                                                 : loaded 2 times (x 180B)
Class settings_5s4a1xj1bp6azikp2agycm6ls                                              : loaded 2 times (x 179B)
Class org.gradle.internal.service.ServiceLookupException                              : loaded 2 times (x 82B)
Class ijKotlinCoroutineJvmDebugInit1_d6p11m2njpy6aiagda9ijpaxm$_run_closure1          : loaded 2 times (x 139B)
Class org.gradle.internal.classloader.ClassLoaderFactory                              : loaded 2 times (x 70B)
Class com.google.common.base.CommonPattern                                            : loaded 2 times (x 74B)
Class org.gradle.internal.service.CachingServiceLocator                               : loaded 2 times (x 82B)
Class org.gradle.internal.classloader.ClasspathUtil                                   : loaded 2 times (x 71B)
Class org.gradle.api.specs.Spec                                                       : loaded 2 times (x 70B)
Class org.gradle.internal.classloader.VisitableURLClassLoader$InstrumentingVisitableURLClassLoader: loaded 2 times (x 123B)
Class org.gradle.internal.classloader.VisitableURLClassLoader$Spec                    : loaded 2 times (x 74B)
Class org.gradle.internal.classpath.DefaultClassPath                                  : loaded 2 times (x 90B)
Class org.gradle.internal.classloader.ClassLoaderSpec                                 : loaded 2 times (x 71B)
Class org.gradle.internal.classloader.VisitableURLClassLoader                         : loaded 2 times (x 117B)
Class org.gradle.internal.Cast                                                        : loaded 2 times (x 71B)
Class org.gradle.api.Action                                                           : loaded 2 times (x 70B)
Class org.gradle.internal.agents.InstrumentingClassLoader                             : loaded 2 times (x 70B)
Class org.gradle.internal.classpath.DefaultClassPath$ImmutableUniqueList$Builder      : loaded 2 times (x 75B)
Class org.gradle.api.GradleException                                                  : loaded 2 times (x 82B)
Class org.gradle.internal.IoActions                                                   : loaded 2 times (x 71B)
Class ijKotlinCoroutineJvmDebugInit1_d6p11m2njpy6aiagda9ijpaxm$_run_closure1$_closure2: loaded 2 times (x 139B)
Class org.gradle.internal.classloader.SystemClassLoaderSpec                           : loaded 2 times (x 71B)
Class org.gradle.internal.installation.CurrentGradleInstallationLocator               : loaded 2 times (x 71B)
Class org.gradle.internal.service.DefaultServiceLocator                               : loaded 2 times (x 83B)
Class org.gradle.internal.installation.CurrentGradleInstallation                      : loaded 2 times (x 73B)
Class org.gradle.util.internal.GUtil                                                  : loaded 2 times (x 71B)
Class ijJvmDebugger1_dobtw6cflcvxkl315inszunwy$_run_closure1$_closure2                : loaded 2 times (x 140B)
Class org.gradle.internal.installation.GradleInstallation                             : loaded 2 times (x 75B)

---------------  S Y S T E M  ---------------

OS:
 Windows 11 , 64 bit Build 26100 (10.0.26100.8521)
OS uptime: 0 days 2:42 hours
Hyper-V role detected

CPU: total 16 (initial active 16) (8 cores per cpu, 2 threads per core) family 6 model 154 stepping 3 microcode 0x419, cx8, cmov, fxsr, ht, mmx, 3dnowpref, sse, sse2, sse3, ssse3, sse4.1, sse4.2, popcnt, lzcnt, tsc, tscinvbit, avx, avx2, aes, erms, clmul, bmi1, bmi2, adx, sha, fma, vzeroupper, clflush, clflushopt, clwb, hv, serialize, rdtscp, rdpid, fsrm, f16c, cet_ibt, cet_ss
Processor Information for processor 0
  Max Mhz: 2500, Current Mhz: 2500, Mhz Limit: 2500
Processor Information for processor 1
  Max Mhz: 2500, Current Mhz: 2500, Mhz Limit: 2500
Processor Information for processor 2
  Max Mhz: 2500, Current Mhz: 2500, Mhz Limit: 2500
Processor Information for processor 3
  Max Mhz: 2500, Current Mhz: 2500, Mhz Limit: 2500
Processor Information for processor 4
  Max Mhz: 2500, Current Mhz: 2500, Mhz Limit: 2500
Processor Information for processor 5
  Max Mhz: 2500, Current Mhz: 2500, Mhz Limit: 2500
Processor Information for processor 6
  Max Mhz: 2500, Current Mhz: 2500, Mhz Limit: 2500
Processor Information for processor 7
  Max Mhz: 2500, Current Mhz: 2500, Mhz Limit: 2500
Processor Information for processor 8
  Max Mhz: 2500, Current Mhz: 1800, Mhz Limit: 1800
Processor Information for processor 9
  Max Mhz: 2500, Current Mhz: 1500, Mhz Limit: 1800
Processor Information for processor 10
  Max Mhz: 2500, Current Mhz: 1800, Mhz Limit: 1800
Processor Information for processor 11
  Max Mhz: 2500, Current Mhz: 1800, Mhz Limit: 1800
Processor Information for processor 12
  Max Mhz: 2500, Current Mhz: 1800, Mhz Limit: 1800
Processor Information for processor 13
  Max Mhz: 2500, Current Mhz: 1800, Mhz Limit: 1800
Processor Information for processor 14
  Max Mhz: 2500, Current Mhz: 1800, Mhz Limit: 1800
Processor Information for processor 15
  Max Mhz: 2500, Current Mhz: 1800, Mhz Limit: 1800

Memory: 4k page, system-wide physical 7882M (933M free)
TotalPageFile size 13300M (AvailPageFile size 6M)
current process WorkingSet (physical memory assigned to process): 346M, peak: 347M
current process commit charge ("private bytes"): 391M, peak: 393M

vm_info: OpenJDK 64-Bit Server VM (21.0.9+-14787801-b1163.94) for windows-amd64 JRE (21.0.9+-14787801-b1163.94), built on 2026-01-27T21:15:44Z by "builder" with MS VC++ 16.10 / 16.11 (VS2019)

END.
